[backblue.gif]
[fade.gif]
[index.html]
[imkarchitects.com/images/favicon.ico]
[imkarchitects.com/images/generatorphp-thumb.gif]
[imkarchitects.com/images/logo.jpg]
[imkarchitects.com/images/preparation-icon.png]
[imkarchitects.com/images/design-icon.png]
[imkarchitects.com/images/technical-icon.png]
[imkarchitects.com/images/construction-icon.png]
[imkarchitects.com/images/top.png]
[imkarchitects.com/js/jquery-1.9.1.min.js]
[imkarchitects.com/js/easyResponsiveTabs.js]
[imkarchitects.com/js/imtech_pager.js]
[imkarchitects.com/js/classie.js]
[imkarchitects.com/js/jquery.colorbox.js]
[wurfl.io/wurfl.js]
[imkarchitects.com/venobox/venobox.min.js]
[imkarchitects.com/js/common.js]
[imkarchitects.com/js/jquery.easing.1.3.js]
[imkarchitects.com/js/jquery.caroufredsel.js]
[imkarchitects.com/js/numscroller-1.0.js]
[imkarchitects.com/js/wow.min.js]
[imkarchitects.com/js/scroll.js]
[imkarchitects.com/process.html]
[imkarchitects.com/images/tab-bg.jpg]
[imkarchitects.com/images/tab-img.jpg]
[imkarchitects.com/images/tab-img-hover.png]
[imkarchitects.com/images/arrow1.png]
[imkarchitects.com/images/arrow-lefts.png]
[imkarchitects.com/css/style.css]
[imkarchitects.com/css/responsive.css]
[imkarchitects.com/css/reset.css]
[imkarchitects.com/css/animate.css]
[imkarchitects.com/css/fonts/fontawesome-webfonte0a5.eot]
[imkarchitects.com/css/fonts/fontawesome-webfontd41d.eot]
[imkarchitects.com/css/fonts/fontawesome-webfonte0a5.woff2]
[imkarchitects.com/css/fonts/fontawesome-webfonte0a5.woff]
[imkarchitects.com/css/fonts/fontawesome-webfonte0a5.ttf]
[imkarchitects.com/css/font-awesome.min.css]
[imkarchitects.com/css/menu-style.css]
[imkarchitects.com/owl-carousel/grabbing.png]
[imkarchitects.com/owl-carousel/owl.carousel.css]
[imkarchitects.com/owl-carousel/AjaxLoader.gif]
[imkarchitects.com/owl-carousel/owl.theme.css]
[imkarchitects.com/owl-carousel/owl.theme1.css]
[imkarchitects.com/owl-carousel/owl.transitions.css]
[imkarchitects.com/css/form.css]
[imkarchitects.com/css/bootstrap.min.css]
[imkarchitects.com/images/controls.png]
[imkarchitects.com/css/colorbox.css]
[imkarchitects.com/css/easy-responsive-tabs.css]
[imkarchitects.com/index.html]
[imkarchitects.com/images/profile1.jpg]
[imkarchitects.com/images/profile2.jpg]
[imkarchitects.com/profile.html]
[imkarchitects.com/images/philosophy-bg1.jpg]
[imkarchitects.com/images/philosophy-bg2.jpg]
[imkarchitects.com/images/philosophy-bg3.jpg]
[imkarchitects.com/images/philosophy-bg4.jpg]
[imkarchitects.com/philosophy.html]
[imkarchitects.com/images/architecture.jpg]
[imkarchitects.com/images/urban-design.jpg]
[imkarchitects.com/images/landscape.jpg]
[imkarchitects.com/images/interiors.jpg]
[imkarchitects.com/images/mep-and-f-engineering.jpg]
[imkarchitects.com/images/structural-and-civil-engineering.jpg]
[imkarchitects.com/services.html]
[imkarchitects.com/images/history/1960-1.jpg]
[imkarchitects.com/images/history/1960-2.jpg]
[imkarchitects.com/images/history/1960-3.jpg]
[imkarchitects.com/images/history/1970-1.jpg]
[imkarchitects.com/images/history/1970-2.jpg]
[imkarchitects.com/images/history/1970-3.jpg]
[imkarchitects.com/images/history/1980-1.jpg]
[imkarchitects.com/images/history/1980-2.jpg]
[imkarchitects.com/images/history/1980-3.jpg]
[imkarchitects.com/images/history/1990-1.jpg]
[imkarchitects.com/images/history/1990-2.jpg]
[imkarchitects.com/images/history/1990-3.jpg]
[imkarchitects.com/images/history/2000-1.jpg]
[imkarchitects.com/images/history/2000-2.jpg]
[imkarchitects.com/images/history/2000-3.jpg]
[imkarchitects.com/images/history/2010-1.jpg]
[imkarchitects.com/images/history/2010-2.jpg]
[imkarchitects.com/images/history/2010-3.jpg]
[imkarchitects.com/images/history/2020-1.jpg]
[imkarchitects.com/images/history/2020-2.jpg]
[imkarchitects.com/images/history/2020-3.jpg]
[imkarchitects.com/images/the-beginning.jpg]
[imkarchitects.com/images/arrow_left.png]
[imkarchitects.com/images/breaking-new-ground.jpg]
[imkarchitects.com/images/arrow_right.png]
[imkarchitects.com/images/growing-exponentially.jpg]
[imkarchitects.com/images/new-ideas.jpg]
[imkarchitects.com/images/kadris-today.jpg]
[imkarchitects.com/history.html]
[imkarchitects.com/images/clients/jsw.png]
[imkarchitects.com/images/clients/the-east-india-hotels.png]
[imkarchitects.com/images/clients/tata-chemicals-limited.png]
[imkarchitects.com/images/clients/rpg-industries.png]
[imkarchitects.com/images/clients/reliance-power.png]
[imkarchitects.com/images/clients/indian-hotels.png]
[imkarchitects.com/images/clients/indian-hotels.jpg]
[imkarchitects.com/images/clients/sona-heights.png]
[imkarchitects.com/images/clients/nehru-center.png]
[imkarchitects.com/images/clients/great-eastern-shipping-company.png]
[imkarchitects.com/images/clients/pondicherry-university.png]
[imkarchitects.com/images/clients/sona-college-of-technology.png]
[imkarchitects.com/images/clients/supreme-court-of-india.png]
[imkarchitects.com/images/clients/symbiosis-society.png]
[imkarchitects.com/images/clients/soham-developers.png]
[imkarchitects.com/images/clients/dmicdc.png]
[imkarchitects.com/images/clients/sher-e-kashmir-university.png]
[imkarchitects.com/images/clients/taj-gvk.png]
[imkarchitects.com/images/clients/government-of-maharashtra.png]
[imkarchitects.com/images/clients/luxora-infrastructure.jpg]
[imkarchitects.com/clients.html]
[imkarchitects.com/images/team/kadri.jpg]
[imkarchitects.com/images/team/rahul-kadri.jpg]
[imkarchitects.com/images/team/anuprita-dixit.jpg]
[imkarchitects.com/images/team/nithin-hosabettu.jpg]
[imkarchitects.com/images/team/preeti-valanju.jpg]
[imkarchitects.com/images/team/shraddha.jpg]
[imkarchitects.com/images/team/bhumika-ganjawala.jpg]
[imkarchitects.com/images/team/akbar-bashu.jpg]
[imkarchitects.com/images/team/m-b-gupte.jpg]
[imkarchitects.com/images/team/suvidha-hosabettu.jpg]
[imkarchitects.com/images/team/gayatri-railkar.jpg]
[imkarchitects.com/images/team/priyamvada-patil.jpg]
[imkarchitects.com/images/team/shantaram-chalke.jpg]
[imkarchitects.com/images/team/sahil-b-deshpande.jpg]
[imkarchitects.com/images/team/heena-shaikh.jpg]
[imkarchitects.com/images/team/viraj-naralkar.jpg]
[imkarchitects.com/images/team/aakash-shrivastav.jpg]
[imkarchitects.com/images/team/dhananjay-purohit.jpg]
[imkarchitects.com/images/team/ganesh-karigar.jpg]
[imkarchitects.com/images/team/kruti-jangla.jpg]
[imkarchitects.com/images/team/deepika-ajmera.jpg]
[imkarchitects.com/images/team/pooja-satam.jpg]
[imkarchitects.com/images/team/priya-tare.jpg]
[imkarchitects.com/images/team/roshni-chand.jpg]
[imkarchitects.com/images/team/sneha-chonkar.jpg]
[imkarchitects.com/images/team/tejashree-rajeshirke.jpg]
[imkarchitects.com/images/team/prasad-shikre.jpg]
[imkarchitects.com/images/team/pramod-shelar.jpg]
[imkarchitects.com/images/team/barindra-unde.jpg]
[imkarchitects.com/images/team/harish.jpg]
[imkarchitects.com/images/team/hosing.jpg]
[imkarchitects.com/images/team/shridhar-salgude.jpg]
[imkarchitects.com/images/team/madiha-qureshi.jpg]
[imkarchitects.com/images/team/dinesh-poduval.jpg]
[imkarchitects.com/images/team/priyanka-pawar.jpg]
[imkarchitects.com/images/team/sandeep-chavan.jpg]
[imkarchitects.com/images/team/ishtiyaque-sayed.jpg]
[imkarchitects.com/images/team/santosh-chougule.jpg]
[imkarchitects.com/images/team/wifred-pathinathan.jpg]
[imkarchitects.com/images/team/dayanand-palav.jpg]
[imkarchitects.com/images/team/rajesh-nikalaje.jpg]
[imkarchitects.com/team.html]
[imkarchitects.com/images/inner-banner.jpg]
[imkarchitects.com/images/double-area.png]
[imkarchitects.com/images/direct-control.png]
[imkarchitects.com/images/funds.png]
[imkarchitects.com/images/timely-rent.png]
[imkarchitects.com/images/amenities.png]
[imkarchitects.com/images/enhanced-communal.png]
[imkarchitects.com/images/property.png]
[imkarchitects.com/images/transparency.png]
[imkarchitects.com/images/challenges.jpg]
[imkarchitects.com/images/thum.jpg]
[imkarchitects.com/images/important-factors.pdf]
[imkarchitects.com/images/most-important-reasons.pdf]
[imkarchitects.com/images/common-mistakes.pdf]
[imkarchitects.com/images/key-features.pdf]
[imkarchitects.com/self-redevelopment.html]
[imkarchitects.com/images/expertise-healthcare-banner.jpg]
[imkarchitects.com/images/healthcare-service-thum.jpg]
[imkarchitects.com/images/healthcare-thum1.jpg]
[imkarchitects.com/images/healthcare-thum2.jpg]
[imkarchitects.com/images/healthcare-thum3.jpg]
[imkarchitects.com/images/concious-thum.jpg]
[imkarchitects.com/images/process-driven-thum.jpg]
[imkarchitects.com/images/complete-thum.jpg]
[imkarchitects.com/expertise-healthcare.html]
[imkarchitects.com/images/expertise-educational-banner.jpg]
[imkarchitects.com/images/memorable1.jpg]
[imkarchitects.com/images/memorable.png]
[imkarchitects.com/images/transcendent2.jpg]
[imkarchitects.com/images/transcendent.png]
[imkarchitects.com/images/nature1.jpg]
[imkarchitects.com/images/nature.png]
[imkarchitects.com/images/resilient2.jpg]
[imkarchitects.com/images/resilient.png]
[imkarchitects.com/images/safe1.jpg]
[imkarchitects.com/images/safe.png]
[imkarchitects.com/images/institute.jpg]
[imkarchitects.com/images/right-arrwo-sm.png]
[imkarchitects.com/images/school-edu.jpg]
[imkarchitects.com/images/university-campus.jpg]
[imkarchitects.com/expertise-educational.html]
[imkarchitects.com/images/resorts-banner.jpg]
[imkarchitects.com/images/hotels-banner.jpg]
[imkarchitects.com/images/clients/1.jpg]
[imkarchitects.com/images/clients/2.jpg]
[imkarchitects.com/images/clients/3.jpg]
[imkarchitects.com/images/clients/4.jpg]
[imkarchitects.com/images/clients/5.jpg]
[imkarchitects.com/images/contextual-response.jpg]
[imkarchitects.com/images/listen-align.jpg]
[imkarchitects.com/images/connect-to-nature.jpg]
[imkarchitects.com/images/deepen-bonds.jpg]
[imkarchitects.com/images/celebrate-friendships.jpg]
[imkarchitects.com/images/robust-designs.jpg]
[imkarchitects.com/images/intrinsically-sustainable.jpg]
[imkarchitects.com/images/resort-thum.jpg]
[imkarchitects.com/expertise-hospitality.html]
[imkarchitects.com/images/projects/hospitality.jpg]
[imkarchitects.com/images/projects/healthcare.jpg]
[imkarchitects.com/images/projects/commercial.jpg]
[imkarchitects.com/images/projects/residential.jpg]
[imkarchitects.com/images/projects/urban-planning.jpg]
[imkarchitects.com/images/projects/educational.jpg]
[imkarchitects.com/images/projects/residential-self-redevelopment.jpg]
[imkarchitects.com/images/projects/culture-and-leisure.jpg]
[imkarchitects.com/images/projects/community-development.jpg]
[imkarchitects.com/projects.html]
[imkarchitects.com/images/projects/business-hotel/taj-mahal-hotel-delhi.jpg]
[imkarchitects.com/images/projects/business-hotel/taj-business-hotel-mumbai.jpg]
[imkarchitects.com/images/projects/lesuire-hotel/kandaghat-resort.jpg]
[imkarchitects.com/images/projects/lesuire-hotel/lake-pawana-resort.jpg]
[imkarchitects.com/images/projects/lesuire-hotel/reliance-guesthouse-at-sassan.jpg]
[imkarchitects.com/images/projects/business-hotel/taj-trivandrum.jpg]
[imkarchitects.com/images/projects/business-hotel/taj-gateway.jpg]
[imkarchitects.com/images/projects/lesuire-hotel/club-mahindra-madikeri-resort-coorg.jpg]
[imkarchitects.com/images/projects/lesuire-hotel/sahyadri-guest-house.jpg]
[imkarchitects.com/images/projects/lesuire-hotel/la-famille-hotel.jpg]
[imkarchitects.com/images/projects/business-hotel/the-oberoi.jpg]
[imkarchitects.com/images/projects/business-hotel/taj-krishna.jpg]
[imkarchitects.com/images/projects/business-hotel/taj-palace-hotel.jpg]
[imkarchitects.com/images/projects/lesuire-hotel/mauritius-resort.jpg]
[imkarchitects.com/images/projects/lesuire-hotel/rambagh-palace-hotel-jaipur.jpg]
[imkarchitects.com/images/projects/business-hotel/ramada-hotel.jpg]
[imkarchitects.com/images/projects/business-hotel/taj-coromandal-chennai.jpg]
[imkarchitects.com/images/projects/business-hotel/rama-international.jpg]
[imkarchitects.com/images/projects/lesuire-hotel/fort-aguada-beach-resort-goa.jpg]
[imkarchitects.com/images/projects/lesuire-hotel/lake-palace-hotel-udaipur.jpg]
[imkarchitects.com/images/projects/business-hotel/ajanta-ambassador.jpg]
[imkarchitects.com/hospitality.html]
[imkarchitects.com/images/projects/healthcare/suhrc.jpg]
[imkarchitects.com/images/projects/healthcare/symbiosis-medicity.jpg]
[imkarchitects.com/images/projects/healthcare/ashok-birla-apollo-hospital.jpg]
[imkarchitects.com/images/projects/healthcare/cumballa-hill-hospital.jpg]
[imkarchitects.com/images/projects/healthcare/worli-hospital.jpg]
[imkarchitects.com/images/projects/healthcare/aditya-birla-hospital.jpg]
[imkarchitects.com/images/projects/healthcare/brahmaputra-hospital.jpg]
[imkarchitects.com/images/projects/healthcare/sastur-hospital.jpg]
[imkarchitects.com/images/projects/healthcare/owaissi-teaching-hospital.jpg]
[imkarchitects.com/images/projects/healthcare/hinduja-hospital.jpg]
[imkarchitects.com/healthcare.html]
[imkarchitects.com/images/projects/commercial/auric-hall.jpg]
[imkarchitects.com/images/projects/commercial/vee-technologies-sez.jpg]
[imkarchitects.com/images/projects/commercial/sunpharma.jpg]
[imkarchitects.com/images/projects/commercial/franco-indian-pharmaceuticals-factory.jpg]
[imkarchitects.com/images/projects/commercial/reliance-administration-building.jpg]
[imkarchitects.com/images/projects/commercial/jet-airways-pilot-training-center.jpg]
[imkarchitects.com/images/projects/commercial/ratnagiri-administration-building.jpg]
[imkarchitects.com/images/projects/commercial/poonam-chambers.jpg]
[imkarchitects.com/images/projects/commercial/fortune-2000.jpg]
[imkarchitects.com/images/projects/commercial/chander-mukhi.jpg]
[imkarchitects.com/images/projects/commercial/hoescht-house.jpg]
[imkarchitects.com/images/projects/commercial/ceat-mahal.jpg]
[imkarchitects.com/images/projects/commercial/shiv-sagar-estate.jpg]
[imkarchitects.com/commercial.html]
[imkarchitects.com/images/projects/residential/aspire-residency.jpg]
[imkarchitects.com/images/projects/residential/tiara-court.jpg]
[imkarchitects.com/images/projects/residential/sona-housing-bangalore.jpg]
[imkarchitects.com/images/projects/residential/ratnagiri-vip-bungalow.jpg]
[imkarchitects.com/images/projects/residential/baledor-talegoan.jpg]
[imkarchitects.com/images/projects/residential/reliance-vip-bungalow.jpg]
[imkarchitects.com/images/projects/residential/zahra.jpg]
[imkarchitects.com/images/projects/residential/ft-khorakiwala.jpg]
[imkarchitects.com/images/projects/residential/haveli-house.jpg]
[imkarchitects.com/images/projects/residential/grand-paradi.jpg]
[imkarchitects.com/images/projects/residential/petit-hall.jpg]
[imkarchitects.com/images/projects/residential/beuna-vista-apartments.jpg]
[imkarchitects.com/images/projects/residential/swapnalok.jpg]
[imkarchitects.com/images/projects/residential/jivan-maneck.jpg]
[imkarchitects.com/images/projects/residential/brighton.jpg]
[imkarchitects.com/residential.html]
[imkarchitects.com/images/projects/urban-planning/hill-side-development.jpg]
[imkarchitects.com/images/projects/urban-planning/forest-villa-somanipuram.jpg]
[imkarchitects.com/images/projects/urban-planning/matheran.jpg]
[imkarchitects.com/images/projects/urban-planning/ensaara.jpg]
[imkarchitects.com/images/projects/urban-planning/vidyanagar.jpg]
[imkarchitects.com/images/projects/urban-planning/vijaynagar-valley.jpg]
[imkarchitects.com/images/projects/urban-planning/vijaynagar-valley-proposal-1.jpg]
[imkarchitects.com/images/projects/urban-planning/vijaynagar-valley-proposal-2.jpg]
[imkarchitects.com/images/projects/urban-planning/makwana-pune.jpg]
[imkarchitects.com/images/projects/urban-planning/legend-city-bangalore.jpg]
[imkarchitects.com/images/projects/urban-planning/mhada.jpg]
[imkarchitects.com/images/projects/urban-planning/tata-chemicals-babrala.jpg]
[imkarchitects.com/images/projects/urban-planning/jsw-ratnagiri-zone1.jpg]
[imkarchitects.com/images/projects/urban-planning/jsw-ratnagiri-zone2.jpg]
[imkarchitects.com/urban-planning.html]
[imkarchitects.com/images/projects/institutional/sona-college-of-arts-and-science.jpg]
[imkarchitects.com/images/projects/institutional/symbiosis-school-of-banking-finance-and-of-sports-science.jpg]
[imkarchitects.com/images/projects/institutional/jsw-vocational-training-center.jpg]
[imkarchitects.com/images/projects/school/reliance-school.jpg]
[imkarchitects.com/images/projects/university-campus/symbiosis-sandipani.jpg]
[imkarchitects.com/images/projects/university-campus/symbiosis-world-school.jpg]
[imkarchitects.com/images/projects/university-campus/symbiosis-school-for-liberal-arts.jpg]
[imkarchitects.com/images/projects/institutional/kundal-student-hostel.jpg]
[imkarchitects.com/images/projects/school/save-the-children-india.jpg]
[imkarchitects.com/images/projects/university-campus/symbiosis-school-of-architecture.jpg]
[imkarchitects.com/images/projects/university-campus/symbiosis-of-institute-of-applied-science.jpg]
[imkarchitects.com/images/projects/university-campus/centre-of-excellence.jpg]
[imkarchitects.com/images/projects/institutional/national-judicial-academy.jpg]
[imkarchitects.com/images/projects/school/hosur-public-school.jpg]
[imkarchitects.com/images/projects/school/rah-e-khair-girls-school.jpg]
[imkarchitects.com/images/projects/university-campus/sona-college-of-technology.jpg]
[imkarchitects.com/images/projects/university-campus/symbiosis-international-university.jpg]
[imkarchitects.com/images/projects/institutional/high-court-at-chattisgarh.jpg]
[imkarchitects.com/images/projects/school/jsw-ratnagiri-school.jpg]
[imkarchitects.com/images/projects/school/school-for-jsw-at-vidyanagar.jpg]
[imkarchitects.com/images/projects/university-campus/the-sheriff-medical-college-at-hassan.jpg]
[imkarchitects.com/images/projects/university-campus/sher-e-kashmir-university-of-agricultural-sciences.jpg]
[imkarchitects.com/images/projects/institutional/happy-home-school-for-the-blind.jpg]
[imkarchitects.com/images/projects/school/babrala-school.jpg]
[imkarchitects.com/educational.html]
[imkarchitects.com/images/projects/residential-self-redevelopment/navjivan-chsl.jpg]
[imkarchitects.com/images/projects/residential-self-redevelopment/sachin-chsl.jpg]
[imkarchitects.com/residential-self-redevelopment.html]
[imkarchitects.com/images/projects/culture-and-leisure/pondicherry-university.jpg]
[imkarchitects.com/images/projects/culture-and-leisure/sgc-towncentre.jpg]
[imkarchitects.com/images/projects/culture-and-leisure/yashraj-studios.jpg]
[imkarchitects.com/images/projects/culture-and-leisure/shanmukhananda-hall.jpg]
[imkarchitects.com/images/projects/culture-and-leisure/nehru-centre.jpg]
[imkarchitects.com/images/projects/culture-and-leisure/haj-house.jpg]
[imkarchitects.com/images/projects/culture-and-leisure/otters-club.jpg]
[imkarchitects.com/images/projects/culture-and-leisure/indian-navy.jpg]
[imkarchitects.com/culture-and-leisure.html]
[imkarchitects.com/images/projects/community-development/nepean-sea-road.jpg]
[imkarchitects.com/images/projects/community-development/wadala-regeneration-project.jpg]
[imkarchitects.com/images/projects/community-development/malabar-hill-forest-trails.jpg]
[imkarchitects.com/community-development.html]
[imkarchitects.com/images/awards/cidc-vishwakarma.jpg]
[imkarchitects.com/images/awards/al-barkaat-education.jpg]
[imkarchitects.com/images/awards/shanmukhanad.jpg]
[imkarchitects.com/images/awards/indian-institute-of-interiors-1995.jpg]
[imkarchitects.com/images/awards/architectural-engineering-division-1993.jpg]
[imkarchitects.com/images/awards/i.m.kadri-appointed-as-sheriff-of-bombay.jpg]
[imkarchitects.com/images/awards/felicitation-i.m.kadri.jpg]
[imkarchitects.com/images/awards/worlds-highest-stained-glass-mural.jpg]
[imkarchitects.com/images/awards/postal-stamp.jpg]
[imkarchitects.com/images/awards/indexcellence-award.jpg]
[imkarchitects.com/images/awards/international-who-who-of-intellectuals.jpg]
[imkarchitects.com/images/awards/imk-lifetime-achievement-award.jpg]
[imkarchitects.com/images/awards/rk/surface-design-awards-2021.jpg]
[imkarchitects.com/images/awards/rk/india-top-architects-2020.jpg]
[imkarchitects.com/images/awards/rk/india-top-architects-2020-2.jpg]
[imkarchitects.com/images/awards/rk/times-network-2017.jpg]
[imkarchitects.com/images/awards/rk/foaid2016.jpg]
[imkarchitects.com/images/awards/rk/foaid2.jpg]
[imkarchitects.com/images/awards/rk/cwab-2016.jpg]
[imkarchitects.com/images/awards/rk/cwab-2016-1.jpg]
[imkarchitects.com/images/awards/rk/cwab-2016-2.jpg]
[imkarchitects.com/images/awards/rk/felicitation-academy-of-arch.jpg]
[imkarchitects.com/images/awards/rk/cwab-awards2014.jpg]
[imkarchitects.com/images/awards/rk/cwab-awards2014-2.jpg]
[imkarchitects.com/images/awards/rk/cwab-awards2014-3.jpg]
[imkarchitects.com/images/awards/rk/cwab-awards2014-4.jpg]
[imkarchitects.com/images/awards/rk/iid-conference-baroda-2013.jpg]
[imkarchitects.com/images/awards/rk/sona-group-of-institution2009.jpg]
[imkarchitects.com/images/awards/rk/cwab-2008.jpg]
[imkarchitects.com/images/awards/rk/iia-solapur.jpg]
[imkarchitects.com/images/awards/rk/construction-world-architects-2004.jpg]
[imkarchitects.com/images/awards/rk/iia-pune.jpg]
[imkarchitects.com/awards.html]
[imkarchitects.com/images/publications/focus-on-creating-holistic-experiences.pdf]
[imkarchitects.com/images/publications/bw-hotelier-june2021.jpg]
[imkarchitects.com/images/publications/times-property-june2021.jpg]
[imkarchitects.com/images/publications/arch-daily-june2021.jpg]
[imkarchitects.com/images/publications/flooring-solutions-healthcare.pdf]
[imkarchitects.com/images/publications/construction-world-june2021.jpg]
[imkarchitects.com/images/publications/de51gn-june2021.jpg]
[imkarchitects.com/images/publications/architectural-digest-june2021.jpg]
[imkarchitects.com/images/publications/the-daily-guardian-june2021.jpg]
[imkarchitects.com/images/publications/india-today-june2021.jpg]
[imkarchitects.com/images/publications/bmc-runs-with-malabar-hill-canopy.pdf]
[imkarchitects.com/images/publications/times-of-india-june2021.jpg]
[imkarchitects.com/images/publications/balador-athena-may2021.jpg]
[imkarchitects.com/images/publications/the-better-india-may2021.jpg]
[imkarchitects.com/images/publications/the-tribune-may2021.jpg]
[imkarchitects.com/images/publications/business-world-may2021.jpg]
[imkarchitects.com/images/publications/ifj-may2021.jpg]
[imkarchitects.com/images/publications/building-with-might.pdf]
[imkarchitects.com/images/publications/home-design-trends-may2021.jpg]
[imkarchitects.com/images/publications/ar-i-m-kadri-honoured-with-ifetime-achievement-award-by-cidc.pdf]
[imkarchitects.com/images/publications/ifj-news-may2021.jpg]
[imkarchitects.com/images/publications/shaping-holistic-learning-environments.pdf]
[imkarchitects.com/images/publications/architecture-design-may2021.jpg]
[imkarchitects.com/images/publications/mgs-architecture-may2021.jpg]
[imkarchitects.com/images/publications/healthcare-radius-may2021.jpg]
[imkarchitects.com/images/publications/in-the-studio-with.pdf]
[imkarchitects.com/images/publications/architect-and-interiors-apr2021.jpg]
[imkarchitects.com/images/publications/architects-are-pushing.pdf]
[imkarchitects.com/images/publications/construction-world-apr2021.jpg]
[imkarchitects.com/images/publications/mokshagundam-visvesvaraya-trophy.pdf]
[imkarchitects.com/images/publications/architecture-design-apr2021.jpg]
[imkarchitects.com/images/publications/renowned-architect.pdf]
[imkarchitects.com/images/publications/commercial-design-apr2021.jpg]
[imkarchitects.com/images/publications/rebuilding-the-world.pdf]
[imkarchitects.com/images/publications/india-today-apr2021.jpg]
[imkarchitects.com/images/publications/design-dekko-apr2021.jpg]
[imkarchitects.com/images/publications/surfaces-reporter-mar2021.jpg]
[imkarchitects.com/images/publications/southeast-asia-building-mar2021.jpg]
[imkarchitects.com/images/publications/the-hindu-mar2021.jpg]
[imkarchitects.com/images/publications/the-design-collective-mar2021.jpg]
[imkarchitects.com/images/publications/healthcare-radius-mar2021.jpg]
[imkarchitects.com/images/publications/citizen-matters-mar2021.jpg]
[imkarchitects.com/images/publications/hindustan-times-mar2021.jpg]
[imkarchitects.com/images/publications/biophilic-interactive-design.pdf]
[imkarchitects.com/images/publications/architecture-design-mar2021.jpg]
[imkarchitects.com/images/publications/weaving-magic.pdf]
[imkarchitects.com/images/publications/commercial-design-mar2021.jpg]
[imkarchitects.com/images/publications/99-acres-mar2021.jpg]
[imkarchitects.com/images/publications/wfm-feb2021.jpg]
[imkarchitects.com/images/publications/99acres-feb2021.jpg]
[imkarchitects.com/images/publications/architect-of-the-month.pdf]
[imkarchitects.com/images/publications/india-today-home-feb2021.jpg]
[imkarchitects.com/images/publications/citymakers.pdf]
[imkarchitects.com/images/publications/construction-world-feb2021.jpg]
[imkarchitects.com/images/publications/architecture-interiors-india-feb2021.jpg]
[imkarchitects.com/images/publications/commercial-design-feb2021.jpg]
[imkarchitects.com/images/publications/homedesignerandarchitect-feb2021.jpg]
[imkarchitects.com/images/publications/livingetc-maria-louis-feb2021.pdf]
[imkarchitects.com/images/publications/livingetc-feb2021.jpg]
[imkarchitects.com/images/publications/archdaily-feb2021.jpg]
[imkarchitects.com/images/publications/building-a-house-jan21.pdf]
[imkarchitects.com/images/publications/the-economic-jan2021.jpg]
[imkarchitects.com/images/publications/ad-jan21.pdf]
[imkarchitects.com/images/publications/architecture-design-jan2021.jpg]
[imkarchitects.com/images/publications/mgs-architecture-jan2021.jpg]
[imkarchitects.com/images/publications/inhabitat-jan2021.jpg]
[imkarchitects.com/images/publications/ifj-auric-hall.pdf]
[imkarchitects.com/images/publications/ifj-jan2021.jpg]
[imkarchitects.com/images/publications/ifj-a-change for-the-better.pdf]
[imkarchitects.com/images/publications/ifj-focus-jan2021.jpg]
[imkarchitects.com/images/publications/realty-jan2021.jpg]
[imkarchitects.com/images/publications/financial-express-dec2020.jpg]
[imkarchitects.com/images/publications/citizen-matters-dec2020.jpg]
[imkarchitects.com/images/publications/biltrax-media-dec2020.jpg]
[imkarchitects.com/images/publications/the-wire-dec2020.jpg]
[imkarchitects.com/images/publications/et-hospitality-world-dec2020.jpg]
[imkarchitects.com/images/publications/facade-fire-mitigation.pdf]
[imkarchitects.com/images/publications/windows-and-facade-magazine-dec2020.jpg]
[imkarchitects.com/images/publications/glass-provides-a-transparency.pdf]
[imkarchitects.com/images/publications/ace-update-dec2020.jpg]
[imkarchitects.com/images/publications/a-sustainable-future.pdf]
[imkarchitects.com/images/publications/architecture-design-dec2020.jpg]
[imkarchitects.com/images/publications/architect-and-interiors-india-dec2020.jpg]
[imkarchitects.com/images/publications/construction-week-online-23rd-november-2020.jpg]
[imkarchitects.com/images/publications/mumbai-mirror-22nd-november-2020.jpg]
[imkarchitects.com/images/publications/the-indian-express-25th-november-2020.jpg]
[imkarchitects.com/images/publications/the-morning-standard-25th-november-2020.pdf]
[imkarchitects.com/images/publications/the-morning-standard-25th-november-2020_s.jpg]
[imkarchitects.com/images/publications/urban-planning-realty.pdf]
[imkarchitects.com/images/publications/urban-planning.jpg]
[imkarchitects.com/images/publications/unprecedented-architectural.jpg]
[imkarchitects.com/images/publications/civic-building.jpg]
[imkarchitects.com/images/publications/ia-and-b.jpg]
[imkarchitects.com/images/publications/realty.pdf]
[imkarchitects.com/images/publications/realty.jpg]
[imkarchitects.com/images/publications/midday.pdf]
[imkarchitects.com/images/publications/midday.jpg]
[imkarchitects.com/images/publications/traditional-indian-craft.jpg]
[imkarchitects.com/images/publications/the-vision-of-slum-free-indian-cities.jpg]
[imkarchitects.com/images/publications/indias-top-architects.jpg]
[imkarchitects.com/images/publications/the-free-press-journal.jpg]
[imkarchitects.com/images/publications/the-road-to-wellville.pdf]
[imkarchitects.com/images/publications/the-road-to-wellville.jpg]
[imkarchitects.com/images/publications/inscape-a-place-to-heal.pdf]
[imkarchitects.com/images/publications/a-place-to-heal.jpg]
[imkarchitects.com/images/publications/window-facade-magazine.jpg]
[imkarchitects.com/images/publications/architects-and-interiors-india.pdf]
[imkarchitects.com/images/publications/landmark.jpg]
[imkarchitects.com/images/publications/elle-decor-july20.jpg]
[imkarchitects.com/images/publications/healthcare-radius-july20.jpg]
[imkarchitects.com/images/publications/et-healthworld-july20.jpg]
[imkarchitects.com/images/publications/commercialdesignindia.jpg]
[imkarchitects.com/images/publications/express-healthcare-july20.jpg]
[imkarchitects.com/images/publications/india-today-insight-july20.jpg]
[imkarchitects.com/images/publications/commercialdesignindia2.jpg]
[imkarchitects.com/images/publications/indian-express-july20.jpg]
[imkarchitects.com/images/publications/auric-hall-inauguration-2019.pdf]
[imkarchitects.com/images/publications/auric-hall-inauguration-2019.jpg]
[imkarchitects.com/images/publications/auric-hall-bhumi-pujan-2016.pdf]
[imkarchitects.com/images/publications/auric-hall-bhumi-pujan-2016.jpg]
[imkarchitects.com/images/publications/mumbai-mirror-2019.pdf]
[imkarchitects.com/images/publications/mumbai-mirror-2019.jpg]
[imkarchitects.com/images/publications/architects-interiors-hot.pdf]
[imkarchitects.com/images/publications/architects-interiors-hot.jpg]
[imkarchitects.com/images/publications/construction-architecture-updatejan-feb17.pdf]
[imkarchitects.com/images/publications/construction-architecture-updatejan-feb17.jpg]
[imkarchitects.com/images/publications/fensterbau-frontale-india-14th-tabloid-2016.pdf]
[imkarchitects.com/images/publications/fensterbau-frontale-india-14th-tabloid-2016.jpg]
[imkarchitects.com/images/publications/mondo-arc-india-2016.pdf]
[imkarchitects.com/images/publications/mondo-arc-india-2016.jpg]
[imkarchitects.com/images/publications/im-kadri-book2016.pdf]
[imkarchitects.com/images/publications/im-kadri-book2016.jpg]
[imkarchitects.com/images/publications/a-plus-d-dec-2016.pdf]
[imkarchitects.com/images/publications/a-plus-d-dec-2016.jpg]
[imkarchitects.com/images/publications/ia-b-apr16.pdf]
[imkarchitects.com/images/publications/ia-b-apr16.jpg]
[imkarchitects.com/images/publications/ia-b-rahul-kadri-apr16.pdf]
[imkarchitects.com/images/publications/ia-b-rahul-kadri-apr16.jpg]
[imkarchitects.com/images/publications/decorama-jun-2016.pdf]
[imkarchitects.com/images/publications/decorama-jun-2016.jpg]
[imkarchitects.com/images/publications/imk-book-launch-2016.pdf]
[imkarchitects.com/images/publications/imk-book-launch-2016.jpg]
[imkarchitects.com/images/publications/imk-book-newpapers-pre-launch-2016.pdf]
[imkarchitects.com/images/publications/imk-book-newpapers-pre-launch-2016.jpg]
[imkarchitects.com/images/publications/domus-imk-mar-2016.pdf]
[imkarchitects.com/images/publications/domus-imk-mar-2016.jpg]
[imkarchitects.com/images/publications/ace-update-feb-2016.pdf]
[imkarchitects.com/images/publications/ace-update-feb-2016.jpg]
[imkarchitects.com/images/publications/scroll-2016.pdf]
[imkarchitects.com/images/publications/scroll-2016.jpg]
[imkarchitects.com/images/publications/interiors-decor-dec-jan-2015.pdf]
[imkarchitects.com/images/publications/interiors-decor-dec-jan-2015.jpg]
[imkarchitects.com/images/publications/elle-decor-feb-2015.pdf]
[imkarchitects.com/images/publications/elle-decor-feb-2015.jpg]
[imkarchitects.com/images/publications/decorama-sept-2015.pdf]
[imkarchitects.com/images/publications/decorama-sept-2015.jpg]
[imkarchitects.com/images/publications/domus-jan-2015.pdf]
[imkarchitects.com/images/publications/domus-jan-2015.jpg]
[imkarchitects.com/images/publications/ssmb-mx-2015.pdf]
[imkarchitects.com/images/publications/ssmb-mx-2015.jpg]
[imkarchitects.com/images/publications/indian-architect-and-builder-mar-2015.pdf]
[imkarchitects.com/images/publications/indian-architect-and-builder-mar-2015.jpg]
[imkarchitects.com/images/publications/construction-and-architecture-update-jan-feb-2015.pdf]
[imkarchitects.com/images/publications/construction-and-architecture-update-jan-feb-2015.jpg]
[imkarchitects.com/images/publications/neptune-glitz-aug-2014.pdf]
[imkarchitects.com/images/publications/neptune-glitz-aug-2014.jpg]
[imkarchitects.com/images/publications/construction-and-architecture-update-may-jun-2014.pdf]
[imkarchitects.com/images/publications/construction-and-architecture-update-may-jun-2014.jpg]
[imkarchitects.com/images/publications/neptune-glitz-jun-2014.pdf]
[imkarchitects.com/images/publications/neptune-glitz-jun-2014.jpg]
[imkarchitects.com/images/publications/steel-structures-and-metal-buildings-mar-2014.pdf]
[imkarchitects.com/images/publications/steel-structures-and-metal-buildings-mar-2014.jpg]
[imkarchitects.com/images/publications/architect-and-interiors-india-mar-2014.pdf]
[imkarchitects.com/images/publications/architect-and-interiors-india-mar-2014.jpg]
[imkarchitects.com/images/publications/domus-structuring-beauty.pdf]
[imkarchitects.com/images/publications/domus-structuring-beauty.jpg]
[imkarchitects.com/publications.html]
[imkarchitects.com/images/idealog/participatory-democracy.jpg]
[imkarchitects.com/images/idealog/education-design.jpg]
[imkarchitects.com/images/idealog/urban-design-master-planning.jpg]
[imkarchitects.com/images/idealog/the-larger-question-remains.jpg]
[imkarchitects.com/images/idealog/renewed-zeal.jpg]
[imkarchitects.com/images/idealog/formalising-the-informal.jpg]
[imkarchitects.com/images/idealog/coastal-road.jpg]
[imkarchitects.com/images/idealog/housing-societies.jpg]
[imkarchitects.com/images/idealog/university-campus.jpg]
[imkarchitects.com/images/idealog/design-strategies.jpg]
[imkarchitects.com/images/idealog/upgrading-the-indian.jpg]
[imkarchitects.com/images/idealog/the-pandemic-calls.jpg]
[imkarchitects.com/images/idealog/is-mumbai-indias-sinking-city.jpg]
[imkarchitects.com/images/idealog/next-generation-hospitals.jpg]
[imkarchitects.com/idealog.html]
[imkarchitects.com/images/videos/london-design-biennale.jpg]
[imkarchitects.com/images/videos/surfaces-reporter.jpg]
[imkarchitects.com/images/videos/presents-real-talk.jpg]
[imkarchitects.com/images/videos/foaid-virtual-week.jpg]
[imkarchitects.com/images/videos/design-dekko.jpg]
[imkarchitects.com/images/videos/12th-realty-conclave-excellence-awards-2020.jpg]
[imkarchitects.com/images/videos/cwab2020-panel-discussion.jpg]
[imkarchitects.com/images/events/kohler-pecha-kucha-2019/1.jpg]
[imkarchitects.com/images/events/kohler-pecha-kucha-2019/kohler-pecha-kucha.jpg]
[imkarchitects.com/images/events/kohler-pecha-kucha-2019/2.jpg]
[imkarchitects.com/images/events/kohler-pecha-kucha-2019/3.jpg]
[imkarchitects.com/images/events/kohler-pecha-kucha-2019/4.jpg]
[imkarchitects.com/images/events/kohler-pecha-kucha-2019/5.jpg]
[imkarchitects.com/images/events/kohler-pecha-kucha-2019/6.jpg]
[imkarchitects.com/images/events/iia-aurangabad-feb16/1.jpg]
[imkarchitects.com/images/events/iia-aurangabad-feb16/iia-aurangabad-feb16.jpg]
[imkarchitects.com/images/events/iia-aurangabad-feb16/2.jpg]
[imkarchitects.com/images/events/iia-aurangabad-feb16/3.jpg]
[imkarchitects.com/images/events/iia-aurangabad-feb16/4.jpg]
[imkarchitects.com/images/events/iia-aurangabad-feb16/5.jpg]
[imkarchitects.com/images/events/iia-aurangabad-feb16/6.jpg]
[imkarchitects.com/images/events/iia-pune2016/1.jpg]
[imkarchitects.com/images/events/iia-pune2016/iia-pune-feb2016.jpg]
[imkarchitects.com/images/events/iia-pune2016/2.jpg]
[imkarchitects.com/images/events/iia-pune2016/3.jpg]
[imkarchitects.com/images/events/iiid-design-yatra-july-2016/iiid-design-yatra-july-2016.jpg]
[imkarchitects.com/images/events/iiid-design-yatra-july-2016/2.jpg]
[imkarchitects.com/images/events/iiid-design-yatra-july-2016/3.jpg]
[imkarchitects.com/images/events/iiid-design-yatra-july-2016/4.jpg]
[imkarchitects.com/images/events/sona-college-of-technology-2016/1.jpg]
[imkarchitects.com/images/events/sona-college-of-technology-2016/2.jpg]
[imkarchitects.com/images/events/sona-college-of-technology-2016/3.jpg]
[imkarchitects.com/images/events/sona-college-of-technology-2016/4.jpg]
[imkarchitects.com/images/events/credai-bengal-realty-mar-2015/1.jpg]
[imkarchitects.com/images/events/credai-bengal-realty-mar-2015/2.jpg]
[imkarchitects.com/images/events/utc-matrox-presntations-2014/1.jpg]
[imkarchitects.com/images/events/utc-matrox-presntations-2014/2.jpg]
[imkarchitects.com/images/events/utc-matrox-presntations-2014/3.jpg]
[imkarchitects.com/images/events/iiid-baroda-conference-2013/1.jpg]
[imkarchitects.com/images/events/studiox-2013/1.jpg]
[imkarchitects.com/images/events/studiox-2013/2.jpg]
[imkarchitects.com/images/events/studiox-2013/3.jpg]
[imkarchitects.com/events.html]
[imkarchitects.com/images/videos/healthcare-radius-forum.jpg]
[imkarchitects.com/images/videos/toi-dnxt-panel-buildings.jpg]
[imkarchitects.com/images/videos/business-world-future-of-design.jpg]
[imkarchitects.com/images/videos/lifetime-achievement-award.jpg]
[imkarchitects.com/images/videos/cidc-vishwakarma-awards.jpg]
[imkarchitects.com/images/videos/mumbai-first-panel-discussion.jpg]
[imkarchitects.com/images/videos/surface-design-award.jpg]
[imkarchitects.com/images/videos/design-dekko-musings.jpg]
[imkarchitects.com/images/videos/creating-sustained-value.jpg]
[imkarchitects.com/images/videos/rahul-kadri-speaks-about-symbiosis-hospital.jpg]
[imkarchitects.com/images/videos/university-sona-college.jpg]
[imkarchitects.com/images/videos/graduation-day-ceremony-sona-college.jpg]
[imkarchitects.com/images/videos/kbda-jury-speak.jpg]
[imkarchitects.com/images/videos/mumbai-sinking-city.jpg]
[imkarchitects.com/videos.html]
[imkarchitects.com/images/google-map.png]
[imkarchitects.com/images/map4.jpg]
[imkarchitects.com/contact.html]
[imkarchitects.com/images/sr1.jpg]
[imkarchitects.com/images/sr2.jpg]
[imkarchitects.com/images/sr3.jpg]
[imkarchitects.com/images/sr4.jpg]
[imkarchitects.com/images/kadri-foundation.jpg]
[imkarchitects.com/images/save-the-children-india.jpg]
[imkarchitects.com/images/pride-india.jpg]
[imkarchitects.com/images/left-arrwo.png]
[imkarchitects.com/images/right-arrwo.png]
[imkarchitects.com/images/engagements1.jpg]
[imkarchitects.com/images/engagements2.jpg]
[imkarchitects.com/images/engagements3.jpg]
[imkarchitects.com/images/engagements4.jpg]
[imkarchitects.com/images/engagements5.jpg]
[imkarchitects.com/owl-carousel/owl.carousel-inner-page.js]
[imkarchitects.com/social-responsibility.html]
[imkarchitects.com/images/slide7.jpg]
[imkarchitects.com/images/slide1-new.jpg]
[imkarchitects.com/images/slide2-new.jpg]
[imkarchitects.com/images/slide3-new.jpg]
[imkarchitects.com/images/slide4-new.jpg]
[imkarchitects.com/images/slide6.jpg]
[imkarchitects.com/images/proposal-for-dpu.mp4]
[imkarchitects.com/images/btmt-arrwo.png]
[imkarchitects.com/images/logobog.jpg]
[imkarchitects.com/images/projects-icon.png]
[imkarchitects.com/images/construction-area-icon.png]
[imkarchitects.com/images/cost-of-projects-icon.png]
[imkarchitects.com/images/experience-of-years-icon.png]
[imkarchitects.com/images/right.png]
[imkarchitects.com/images/residential.jpg]
[imkarchitects.com/images/healthcare.jpg]
[imkarchitects.com/images/educational.jpg]
[imkarchitects.com/images/hospitality.jpg]
[imkarchitects.com/images/cidc-vishwakarma-awards-thum.jpg]
[imkarchitects.com/images/architect-and-interiors-india-april2021.jpg]
[imkarchitects.com/images/future-of-design.jpg]
[imkarchitects.com/owl-carousel/owl.carousel.js]
[imkarchitects.com/video-slider/bootstrap.min.js]
[imkarchitects.com/video-slider/slider.js]
[imkarchitects.com/index-2.html]
[imkarchitects.com/preparation.html]
[imkarchitects.com/design.html]
[imkarchitects.com/technical-design.html]
[imkarchitects.com/construction.html]
[imkarchitects.com/venobox/preload-circle.png]
[imkarchitects.com/venobox/close.gif]
[imkarchitects.com/venobox/prev.gif]
[imkarchitects.com/venobox/next.gif]
[imkarchitects.com/venobox/venobox.css]
[imkarchitects.com/css/thum_slider.css]
[imkarchitects.com/css/fonts/avenirltstd-medium.eot]
[imkarchitects.com/css/fonts/avenirltstd-mediumd41d.eot]
[imkarchitects.com/css/fonts/avenirltstd-medium.woff]
[imkarchitects.com/css/fonts/avenirltstd-medium.ttf]
[imkarchitects.com/css/fonts/avenirltstd-book.eot]
[imkarchitects.com/css/fonts/avenirltstd-bookd41d.eot]
[imkarchitects.com/css/fonts/avenirltstd-book.woff]
[imkarchitects.com/css/fonts/avenirltstd-book.ttf]
[imkarchitects.com/css/fonts/fonts.css]
[imkarchitects.com/css/fonts/fontawesome-webfonte0a5.svg]
[imkarchitects.com/images/architecture-bg.jpg]
[imkarchitects.com/architecture.html]
[imkarchitects.com/images/urban-design-bg.jpg]
[imkarchitects.com/urban-design-and-town-planning.html]
[imkarchitects.com/images/landscape-bg.jpg]
[imkarchitects.com/landscape.html]
[imkarchitects.com/images/interiors-bg.jpg]
[imkarchitects.com/interiors.html]
[imkarchitects.com/images/mep-and-f-engineering-bg.jpg]
[imkarchitects.com/mep-and-f-engineering.html]
[imkarchitects.com/images/structural-and-civil-engineering-bg.jpg]
[imkarchitects.com/structural-and-civil-engineering.html]
[imkarchitects.com/css/bootstrap.css]
[imkarchitects.com/css/custom.css]
[imkarchitects.com/images/projects/business-hotel/taj-mahal-hotel-delhi/1.jpg]
[imkarchitects.com/images/projects/business-hotel/taj-mahal-hotel-delhi/3.jpg]
[imkarchitects.com/images/projects/business-hotel/taj-mahal-hotel-delhi/4.jpg]
[imkarchitects.com/images/projects/business-hotel/taj-mahal-hotel-delhi/6.jpg]
[imkarchitects.com/taj-mahal-hotel-delhi.html]
[imkarchitects.com/images/projects/business-hotel/taj-business-hotel-mumbai/1.jpg]
[imkarchitects.com/taj-business-hotel-mumbai.html]
[imkarchitects.com/images/projects/lesuire-hotel/kandaghat-resort/1.jpg]
[imkarchitects.com/images/projects/lesuire-hotel/kandaghat-resort/3.jpg]
[imkarchitects.com/images/projects/lesuire-hotel/kandaghat-resort/4.jpg]
[imkarchitects.com/images/projects/lesuire-hotel/kandaghat-resort/6.jpg]
[imkarchitects.com/images/projects/lesuire-hotel/kandaghat-resort/7.jpg]
[imkarchitects.com/kandaghat-resort.html]
[imkarchitects.com/images/projects/lesuire-hotel/lake-pawana-resort/1.jpg]
[imkarchitects.com/images/projects/lesuire-hotel/lake-pawana-resort/2.jpg]
[imkarchitects.com/images/projects/lesuire-hotel/lake-pawana-resort/3.jpg]
[imkarchitects.com/images/projects/lesuire-hotel/lake-pawana-resort/4.jpg]
[imkarchitects.com/images/projects/lesuire-hotel/lake-pawana-resort/5.jpg]
[imkarchitects.com/images/projects/lesuire-hotel/lake-pawana-resort/6.jpg]
[imkarchitects.com/images/projects/lesuire-hotel/lake-pawana-resort/8.jpg]
[imkarchitects.com/images/projects/lesuire-hotel/lake-pawana-resort/10.jpg]
[imkarchitects.com/images/projects/lesuire-hotel/lake-pawana-resort/11.jpg]
[imkarchitects.com/images/projects/lesuire-hotel/lake-pawana-resort/12.jpg]
[imkarchitects.com/lake-pawana-resort.html]
[imkarchitects.com/images/projects/lesuire-hotel/reliance-guesthouse-at-sassan/1.jpg]
[imkarchitects.com/images/projects/lesuire-hotel/reliance-guesthouse-at-sassan/2.jpg]
[imkarchitects.com/images/projects/lesuire-hotel/reliance-guesthouse-at-sassan/3.jpg]
[imkarchitects.com/reliance-guesthouse-at-sassan.html]
[imkarchitects.com/images/projects/business-hotel/taj-trivandrum/1.jpg]
[imkarchitects.com/taj-trivandrum.html]
[imkarchitects.com/images/projects/business-hotel/taj-gateway/1.jpg]
[imkarchitects.com/images/projects/business-hotel/taj-gateway/2.jpg]
[imkarchitects.com/images/projects/business-hotel/taj-gateway/3.jpg]
[imkarchitects.com/taj-gateway.html]
[imkarchitects.com/images/projects/lesuire-hotel/club-mahindra-madikeri-resort-coorg/5.jpg]
[imkarchitects.com/images/projects/lesuire-hotel/club-mahindra-madikeri-resort-coorg/7.jpg]
[imkarchitects.com/images/projects/lesuire-hotel/club-mahindra-madikeri-resort-coorg/4.jpg]
[imkarchitects.com/images/projects/lesuire-hotel/club-mahindra-madikeri-resort-coorg/9.jpg]
[imkarchitects.com/images/projects/lesuire-hotel/club-mahindra-madikeri-resort-coorg/10.jpg]
[imkarchitects.com/images/projects/lesuire-hotel/club-mahindra-madikeri-resort-coorg/11.jpg]
[imkarchitects.com/club-mahindra-madikeri-resort-coorg.html]
[imkarchitects.com/images/projects/lesuire-hotel/sahyadri-guest-house/1.jpg]
[imkarchitects.com/images/projects/lesuire-hotel/sahyadri-guest-house/4.jpg]
[imkarchitects.com/images/projects/lesuire-hotel/sahyadri-guest-house/6.jpg]
[imkarchitects.com/images/projects/lesuire-hotel/sahyadri-guest-house/7.jpg]
[imkarchitects.com/images/projects/lesuire-hotel/sahyadri-guest-house/8.jpg]
[imkarchitects.com/sahyadri-guest-house.html]
[imkarchitects.com/images/projects/lesuire-hotel/la-famille-hotel/1.jpg]
[imkarchitects.com/images/projects/lesuire-hotel/la-famille-hotel/2.jpg]
[imkarchitects.com/images/projects/lesuire-hotel/la-famille-hotel/3.jpg]
[imkarchitects.com/la-famille-hotel.html]
[imkarchitects.com/images/projects/business-hotel/the-oberoi/1.jpg]
[imkarchitects.com/images/projects/business-hotel/the-oberoi/3.jpg]
[imkarchitects.com/images/projects/business-hotel/the-oberoi/5.jpg]
[imkarchitects.com/images/projects/business-hotel/the-oberoi/6.jpg]
[imkarchitects.com/images/projects/business-hotel/the-oberoi/7.jpg]
[imkarchitects.com/images/projects/business-hotel/the-oberoi/8.jpg]
[imkarchitects.com/the-oberoi.html]
[imkarchitects.com/images/projects/business-hotel/taj-krishna/1.jpg]
[imkarchitects.com/images/projects/business-hotel/taj-krishna/2.jpg]
[imkarchitects.com/images/projects/business-hotel/taj-krishna/3.jpg]
[imkarchitects.com/images/projects/business-hotel/taj-krishna/4.jpg]
[imkarchitects.com/taj-krishna.html]
[imkarchitects.com/images/projects/business-hotel/taj-palace-hotel/1.jpg]
[imkarchitects.com/images/projects/business-hotel/taj-palace-hotel/2.jpg]
[imkarchitects.com/images/projects/business-hotel/taj-palace-hotel/3.jpg]
[imkarchitects.com/images/projects/business-hotel/taj-palace-hotel/4.jpg]
[imkarchitects.com/images/projects/business-hotel/taj-palace-hotel/5.jpg]
[imkarchitects.com/taj-palace-hotel.html]
[imkarchitects.com/images/projects/lesuire-hotel/mauritius-resort/1.jpg]
[imkarchitects.com/images/projects/lesuire-hotel/mauritius-resort/2.jpg]
[imkarchitects.com/images/projects/lesuire-hotel/mauritius-resort/3.jpg]
[imkarchitects.com/images/projects/lesuire-hotel/mauritius-resort/4.jpg]
[imkarchitects.com/images/projects/lesuire-hotel/mauritius-resort/5.jpg]
[imkarchitects.com/mauritius-resort.html]
[imkarchitects.com/images/projects/lesuire-hotel/rambagh-palace-hotel-jaipur/1.jpg]
[imkarchitects.com/images/projects/lesuire-hotel/rambagh-palace-hotel-jaipur/3.jpg]
[imkarchitects.com/images/projects/lesuire-hotel/rambagh-palace-hotel-jaipur/5.jpg]
[imkarchitects.com/images/projects/lesuire-hotel/rambagh-palace-hotel-jaipur/6.jpg]
[imkarchitects.com/images/projects/lesuire-hotel/rambagh-palace-hotel-jaipur/8.jpg]
[imkarchitects.com/rambagh-palace-hotel-jaipur.html]
[imkarchitects.com/images/projects/business-hotel/ramada-hotel/1.jpg]
[imkarchitects.com/images/projects/business-hotel/ramada-hotel/2.jpg]
[imkarchitects.com/ramada-hotel.html]
[imkarchitects.com/images/projects/business-hotel/taj-coromandal-chennai/1.jpg]
[imkarchitects.com/images/projects/business-hotel/taj-coromandal-chennai/3.jpg]
[imkarchitects.com/taj-coromandal-chennai.html]
[imkarchitects.com/images/projects/business-hotel/rama-international/2.jpg]
[imkarchitects.com/images/projects/business-hotel/rama-international/3.jpg]
[imkarchitects.com/images/projects/business-hotel/rama-international/1.jpg]
[imkarchitects.com/images/projects/business-hotel/rama-international/5.jpg]
[imkarchitects.com/rama-international.html]
[imkarchitects.com/images/projects/lesuire-hotel/fort-aguada-beach-resort-goa/1.jpg]
[imkarchitects.com/images/projects/lesuire-hotel/fort-aguada-beach-resort-goa/2.jpg]
[imkarchitects.com/images/projects/lesuire-hotel/fort-aguada-beach-resort-goa/3.jpg]
[imkarchitects.com/images/projects/lesuire-hotel/fort-aguada-beach-resort-goa/4.jpg]
[imkarchitects.com/images/projects/lesuire-hotel/fort-aguada-beach-resort-goa/5.jpg]
[imkarchitects.com/images/projects/lesuire-hotel/fort-aguada-beach-resort-goa/6.jpg]
[imkarchitects.com/fort-aguada-beach-resort-goa.html]
[imkarchitects.com/images/projects/lesuire-hotel/lake-palace-hotel-udaipur/1.jpg]
[imkarchitects.com/images/projects/lesuire-hotel/lake-palace-hotel-udaipur/2.jpg]
[imkarchitects.com/images/projects/lesuire-hotel/lake-palace-hotel-udaipur/4.jpg]
[imkarchitects.com/images/projects/lesuire-hotel/lake-palace-hotel-udaipur/6.jpg]
[imkarchitects.com/lake-palace-hotel-udaipur.html]
[imkarchitects.com/images/projects/business-hotel/ajanta-ambassador/1.jpg]
[imkarchitects.com/images/projects/business-hotel/ajanta-ambassador/2.jpg]
[imkarchitects.com/images/projects/business-hotel/ajanta-ambassador/3.jpg]
[imkarchitects.com/ajanta-ambassador.html]
[imkarchitects.com/images/projects/healthcare/suhrc/1.jpg]
[imkarchitects.com/images/projects/healthcare/suhrc/2.jpg]
[imkarchitects.com/images/projects/healthcare/suhrc/3.jpg]
[imkarchitects.com/images/projects/healthcare/suhrc/4.jpg]
[imkarchitects.com/images/projects/healthcare/suhrc/5.jpg]
[imkarchitects.com/images/projects/healthcare/suhrc/6.jpg]
[imkarchitects.com/images/projects/healthcare/suhrc/7.jpg]
[imkarchitects.com/symbiosis-university-hospital-and-research-center.html]
[imkarchitects.com/images/projects/healthcare/symbiosis-medicity/1.jpg]
[imkarchitects.com/images/projects/healthcare/symbiosis-medicity/2.jpg]
[imkarchitects.com/images/projects/healthcare/symbiosis-medicity/3.jpg]
[imkarchitects.com/symbiosis-medicity.html]
[imkarchitects.com/images/projects/healthcare/ashok-birla-apollo-hospital/1.jpg]
[imkarchitects.com/ashok-birla-apollo-hospital.html]
[imkarchitects.com/images/projects/healthcare/cumballa-hill-hospital/1.jpg]
[imkarchitects.com/cumballa-hill-hospital.html]
[imkarchitects.com/images/projects/healthcare/worli-hospital/1.jpg]
[imkarchitects.com/images/projects/healthcare/worli-hospital/4.jpg]
[imkarchitects.com/multispeciality-hospital-for-konkan-unnati-mitra-mandal.html]
[imkarchitects.com/images/projects/healthcare/aditya-birla-hospital/1.jpg]
[imkarchitects.com/images/projects/healthcare/aditya-birla-hospital/2.jpg]
[imkarchitects.com/images/projects/healthcare/aditya-birla-hospital/3.jpg]
[imkarchitects.com/aditya-birla-hospital.html]
[imkarchitects.com/images/projects/healthcare/brahmaputra-hospital/1.jpg]
[imkarchitects.com/images/projects/healthcare/brahmaputra-hospital/2.jpg]
[imkarchitects.com/brahmaputra-hospital.html]
[imkarchitects.com/images/projects/healthcare/sastur-hospital/1.jpg]
[imkarchitects.com/images/projects/healthcare/sastur-hospital/2.jpg]
[imkarchitects.com/images/projects/healthcare/sastur-hospital/3.jpg]
[imkarchitects.com/images/projects/healthcare/sastur-hospital/4.jpg]
[imkarchitects.com/images/projects/healthcare/sastur-hospital/6.jpg]
[imkarchitects.com/sastur-hospital.html]
[imkarchitects.com/images/projects/healthcare/owaissi-teaching-hospital/1.jpg]
[imkarchitects.com/owaissi-teaching-hospital.html]
[imkarchitects.com/images/projects/healthcare/hinduja-hospital/1.jpg]
[imkarchitects.com/images/projects/healthcare/hinduja-hospital/4.jpg]
[imkarchitects.com/hinduja-hospital.html]
[imkarchitects.com/images/projects/commercial/auric-hall/1.jpg]
[imkarchitects.com/images/projects/commercial/auric-hall/2.jpg]
[imkarchitects.com/images/projects/commercial/auric-hall/3.jpg]
[imkarchitects.com/images/projects/commercial/auric-hall/5.jpg]
[imkarchitects.com/images/projects/commercial/auric-hall/8.jpg]
[imkarchitects.com/images/projects/commercial/auric-hall/9.jpg]
[imkarchitects.com/auric-hall.html]
[imkarchitects.com/images/projects/commercial/vee-technologies-sez/1.jpg]
[imkarchitects.com/images/projects/commercial/vee-technologies-sez/2.jpg]
[imkarchitects.com/images/projects/commercial/vee-technologies-sez/3.jpg]
[imkarchitects.com/images/projects/commercial/vee-technologies-sez/4.jpg]
[imkarchitects.com/images/projects/commercial/vee-technologies-sez/5.jpg]
[imkarchitects.com/images/projects/commercial/vee-technologies-sez/6.jpg]
[imkarchitects.com/vee-technologies-sez.html]
[imkarchitects.com/images/projects/commercial/sunpharma/1.jpg]
[imkarchitects.com/images/projects/commercial/sunpharma/2.jpg]
[imkarchitects.com/images/projects/commercial/sunpharma/3.jpg]
[imkarchitects.com/sunpharma.html]
[imkarchitects.com/images/projects/commercial/franco-indian-pharmaceuticals-factory/1.jpg]
[imkarchitects.com/images/projects/commercial/franco-indian-pharmaceuticals-factory/2.jpg]
[imkarchitects.com/franco-indian-pharmaceuticals-factory.html]
[imkarchitects.com/images/projects/commercial/reliance-administration-building/1.jpg]
[imkarchitects.com/images/projects/commercial/reliance-administration-building/2.jpg]
[imkarchitects.com/reliance-administration-building.html]
[imkarchitects.com/images/projects/commercial/jet-airways-pilot-training-center/1.jpg]
[imkarchitects.com/jet-airways-pilot-training-center.html]
[imkarchitects.com/images/projects/commercial/ratnagiri-administration-building/1.jpg]
[imkarchitects.com/ratnagiri-administration-building.html]
[imkarchitects.com/images/projects/commercial/poonam-chambers/1.jpg]
[imkarchitects.com/images/projects/commercial/poonam-chambers/2.jpg]
[imkarchitects.com/poonam-chambers.html]
[imkarchitects.com/images/projects/commercial/fortune-2000/1.jpg]
[imkarchitects.com/images/projects/commercial/fortune-2000/3.jpg]
[imkarchitects.com/images/projects/commercial/fortune-2000/4.jpg]
[imkarchitects.com/fortune-2000.html]
[imkarchitects.com/images/projects/commercial/chander-mukhi/1.jpg]
[imkarchitects.com/images/projects/commercial/chander-mukhi/2.jpg]
[imkarchitects.com/chander-mukhi.html]
[imkarchitects.com/images/projects/commercial/hoescht-house/1.jpg]
[imkarchitects.com/images/projects/commercial/hoescht-house/2.jpg]
[imkarchitects.com/images/projects/commercial/hoescht-house/3.jpg]
[imkarchitects.com/hoescht-house.html]
[imkarchitects.com/images/projects/commercial/ceat-mahal/1.jpg]
[imkarchitects.com/images/projects/commercial/ceat-mahal/2.jpg]
[imkarchitects.com/images/projects/commercial/ceat-mahal/4.jpg]
[imkarchitects.com/images/projects/commercial/ceat-mahal/6.jpg]
[imkarchitects.com/ceat-mahal.html]
[imkarchitects.com/images/projects/commercial/shiv-sagar-estate/2.jpg]
[imkarchitects.com/images/projects/commercial/shiv-sagar-estate/1.jpg]
[imkarchitects.com/images/projects/commercial/shiv-sagar-estate/4.jpg]
[imkarchitects.com/images/projects/commercial/shiv-sagar-estate/5.jpg]
[imkarchitects.com/images/projects/commercial/shiv-sagar-estate/6.jpg]
[imkarchitects.com/shiv-sagar-estate.html]
[imkarchitects.com/images/projects/residential/aspire-residency/1.jpg]
[imkarchitects.com/images/projects/residential/aspire-residency/2.jpg]
[imkarchitects.com/images/projects/residential/aspire-residency/3.jpg]
[imkarchitects.com/images/projects/residential/aspire-residency/4.jpg]
[imkarchitects.com/images/projects/residential/aspire-residency/5.jpg]
[imkarchitects.com/images/projects/residential/aspire-residency/6.jpg]
[imkarchitects.com/images/projects/residential/aspire-residency/7.jpg]
[imkarchitects.com/aspire-residency.html]
[imkarchitects.com/images/projects/residential/tiara-court/1.jpg]
[imkarchitects.com/images/projects/residential/tiara-court/3.jpg]
[imkarchitects.com/images/projects/residential/tiara-court/4.jpg]
[imkarchitects.com/images/projects/residential/tiara-court/5.jpg]
[imkarchitects.com/images/projects/residential/tiara-court/6.jpg]
[imkarchitects.com/images/projects/residential/tiara-court/7.jpg]
[imkarchitects.com/images/projects/residential/tiara-court/8.jpg]
[imkarchitects.com/tiara-court.html]
[imkarchitects.com/images/projects/residential/sona-housing/1.jpg]
[imkarchitects.com/images/projects/residential/sona-housing/2.jpg]
[imkarchitects.com/images/projects/residential/sona-housing/3.jpg]
[imkarchitects.com/images/projects/residential/sona-housing/4.jpg]
[imkarchitects.com/images/projects/residential/sona-housing/5.jpg]
[imkarchitects.com/images/projects/residential/sona-housing/6.jpg]
[imkarchitects.com/images/projects/residential/sona-housing/7.jpg]
[imkarchitects.com/vistaas-sona-housing.html]
[imkarchitects.com/images/projects/residential/ratnagiri-vip-bungalow/1.jpg]
[imkarchitects.com/images/projects/residential/ratnagiri-vip-bungalow/2.jpg]
[imkarchitects.com/ratnagiri-vip-bungalow.html]
[imkarchitects.com/images/projects/residential/baledor-talegoan/1.jpg]
[imkarchitects.com/images/projects/residential/baledor-talegoan/2.jpg]
[imkarchitects.com/images/projects/residential/baledor-talegoan/3.jpg]
[imkarchitects.com/images/projects/residential/baledor-talegoan/4.jpg]
[imkarchitects.com/images/projects/residential/baledor-talegoan/6.jpg]
[imkarchitects.com/images/projects/residential/baledor-talegoan/7.jpg]
[imkarchitects.com/baledor-talegoan.html]
[imkarchitects.com/images/projects/residential/reliance-vip-bungalow/1.jpg]
[imkarchitects.com/images/projects/residential/reliance-vip-bungalow/2.jpg]
[imkarchitects.com/images/projects/residential/reliance-vip-bungalow/3.jpg]
[imkarchitects.com/reliance-vip-bungalow.html]
[imkarchitects.com/images/projects/residential/zahra/1.jpg]
[imkarchitects.com/images/projects/residential/zahra/2.jpg]
[imkarchitects.com/zahra.html]
[imkarchitects.com/images/projects/residential/ft-khorakiwala/1.jpg]
[imkarchitects.com/ft-khorakiwala.html]
[imkarchitects.com/images/projects/residential/haveli-house/1.jpg]
[imkarchitects.com/images/projects/residential/haveli-house/2.jpg]
[imkarchitects.com/images/projects/residential/haveli-house/3.jpg]
[imkarchitects.com/images/projects/residential/haveli-house/4.jpg]
[imkarchitects.com/images/projects/residential/haveli-house/6.jpg]
[imkarchitects.com/haveli-house.html]
[imkarchitects.com/images/projects/residential/grand-paradi/1.jpg]
[imkarchitects.com/grand-paradi.html]
[imkarchitects.com/images/projects/residential/petit-hall/1.jpg]
[imkarchitects.com/images/projects/residential/petit-hall/2.jpg]
[imkarchitects.com/petit-hall.html]
[imkarchitects.com/images/projects/residential/beuna-vista-apartments/1.jpg]
[imkarchitects.com/images/projects/residential/beuna-vista-apartments/2.jpg]
[imkarchitects.com/images/projects/residential/beuna-vista-apartments/3.jpg]
[imkarchitects.com/images/projects/residential/beuna-vista-apartments/4.jpg]
[imkarchitects.com/beuna-vista-apartments.html]
[imkarchitects.com/images/projects/residential/swapnalok/1.jpg]
[imkarchitects.com/images/projects/residential/swapnalok/2.jpg]
[imkarchitects.com/images/projects/residential/swapnalok/3.jpg]
[imkarchitects.com/images/projects/residential/swapnalok/4.jpg]
[imkarchitects.com/images/projects/residential/swapnalok/5.jpg]
[imkarchitects.com/images/projects/residential/swapnalok/6.jpg]
[imkarchitects.com/swapnalok.html]
[imkarchitects.com/images/projects/residential/jivan-maneck/1.jpg]
[imkarchitects.com/images/projects/residential/jivan-maneck/2.jpg]
[imkarchitects.com/images/projects/residential/jivan-maneck/3.jpg]
[imkarchitects.com/images/projects/residential/jivan-maneck/4.jpg]
[imkarchitects.com/jivan-maneck.html]
[imkarchitects.com/images/projects/residential/brighton/1.jpg]
[imkarchitects.com/images/projects/residential/brighton/2.jpg]
[imkarchitects.com/brighton.html]
[imkarchitects.com/images/projects/urban-planning/hill-side-development/1.jpg]
[imkarchitects.com/images/projects/urban-planning/hill-side-development/5.jpg]
[imkarchitects.com/images/projects/urban-planning/hill-side-development/6.jpg]
[imkarchitects.com/images/projects/urban-planning/hill-side-development/7.jpg]
[imkarchitects.com/hill-side-development.html]
[imkarchitects.com/images/projects/urban-planning/forest-villa-somanipuram/1.jpg]
[imkarchitects.com/images/projects/urban-planning/forest-villa-somanipuram/2.jpg]
[imkarchitects.com/images/projects/urban-planning/forest-villa-somanipuram/3.jpg]
[imkarchitects.com/images/projects/urban-planning/forest-villa-somanipuram/4.jpg]
[imkarchitects.com/images/projects/urban-planning/forest-villa-somanipuram/5.jpg]
[imkarchitects.com/images/projects/urban-planning/forest-villa-somanipuram/6.jpg]
[imkarchitects.com/images/projects/urban-planning/forest-villa-somanipuram/7.jpg]
[imkarchitects.com/images/projects/urban-planning/forest-villa-somanipuram/8.jpg]
[imkarchitects.com/forest-villa-somanipuram.html]
[imkarchitects.com/images/projects/urban-planning/matheran/1.jpg]
[imkarchitects.com/images/projects/urban-planning/matheran/2.jpg]
[imkarchitects.com/images/projects/urban-planning/matheran/3.jpg]
[imkarchitects.com/images/projects/urban-planning/matheran/4.jpg]
[imkarchitects.com/matheran.html]
[imkarchitects.com/images/projects/urban-planning/ensaara/1.jpg]
[imkarchitects.com/images/projects/urban-planning/ensaara/2.jpg]
[imkarchitects.com/images/projects/urban-planning/ensaara/4.jpg]
[imkarchitects.com/images/projects/urban-planning/ensaara/5.jpg]
[imkarchitects.com/images/projects/urban-planning/ensaara/7.jpg]
[imkarchitects.com/images/projects/urban-planning/ensaara/8.jpg]
[imkarchitects.com/images/projects/urban-planning/ensaara/9.jpg]
[imkarchitects.com/images/projects/urban-planning/ensaara/10.jpg]
[imkarchitects.com/ensaara-metro-park.html]
[imkarchitects.com/images/projects/urban-planning/vidyanagar/1.jpg]
[imkarchitects.com/images/projects/urban-planning/vidyanagar/3.jpg]
[imkarchitects.com/images/projects/urban-planning/vidyanagar/5.jpg]
[imkarchitects.com/images/projects/urban-planning/vidyanagar/7.jpg]
[imkarchitects.com/vidyanagar.html]
[imkarchitects.com/images/projects/urban-planning/vijaynagar-valley/1.jpg]
[imkarchitects.com/vijaynagar-valley.html]
[imkarchitects.com/images/projects/urban-planning/vijaynagar-valley-proposal-1/1.jpg]
[imkarchitects.com/images/projects/urban-planning/vijaynagar-valley-proposal-1/3.jpg]
[imkarchitects.com/images/projects/urban-planning/vijaynagar-valley-proposal-1/5.jpg]
[imkarchitects.com/images/projects/urban-planning/vijaynagar-valley-proposal-1/6.jpg]
[imkarchitects.com/images/projects/urban-planning/vijaynagar-valley-proposal-1/7.jpg]
[imkarchitects.com/images/projects/urban-planning/vijaynagar-valley-proposal-1/8.jpg]
[imkarchitects.com/vijaynagar-valley-proposal-1.html]
[imkarchitects.com/images/projects/urban-planning/vijaynagar-valley-proposal-2/1.jpg]
[imkarchitects.com/images/projects/urban-planning/vijaynagar-valley-proposal-2/2.jpg]
[imkarchitects.com/images/projects/urban-planning/vijaynagar-valley-proposal-2/3.jpg]
[imkarchitects.com/images/projects/urban-planning/vijaynagar-valley-proposal-2/5.jpg]
[imkarchitects.com/images/projects/urban-planning/vijaynagar-valley-proposal-2/6.jpg]
[imkarchitects.com/images/projects/urban-planning/vijaynagar-valley-proposal-2/7.jpg]
[imkarchitects.com/images/projects/urban-planning/vijaynagar-valley-proposal-2/8.jpg]
[imkarchitects.com/images/projects/urban-planning/vijaynagar-valley-proposal-2/9.jpg]
[imkarchitects.com/images/projects/urban-planning/vijaynagar-valley-proposal-2/10.jpg]
[imkarchitects.com/vijaynagar-valley-proposal-2.html]
[imkarchitects.com/images/projects/urban-planning/makwana-pune/1.jpg]
[imkarchitects.com/images/projects/urban-planning/makwana-pune/2.jpg]
[imkarchitects.com/images/projects/urban-planning/makwana-pune/3.jpg]
[imkarchitects.com/makwana-pune.html]
[imkarchitects.com/images/projects/urban-planning/legend-city-bangalore/1.jpg]
[imkarchitects.com/images/projects/urban-planning/legend-city-bangalore/2.jpg]
[imkarchitects.com/legend-city-bangalore.html]
[imkarchitects.com/images/projects/urban-planning/mhada/1.jpg]
[imkarchitects.com/images/projects/urban-planning/mhada/2.jpg]
[imkarchitects.com/images/projects/urban-planning/mhada/3.jpg]
[imkarchitects.com/mhada.html]
[imkarchitects.com/images/projects/urban-planning/tata-chemicals-babrala/1.jpg]
[imkarchitects.com/images/projects/urban-planning/tata-chemicals-babrala/2.jpg]
[imkarchitects.com/images/projects/urban-planning/tata-chemicals-babrala/3.jpg]
[imkarchitects.com/images/projects/urban-planning/tata-chemicals-babrala/4.jpg]
[imkarchitects.com/images/projects/urban-planning/tata-chemicals-babrala/5.jpg]
[imkarchitects.com/images/projects/urban-planning/tata-chemicals-babrala/6.jpg]
[imkarchitects.com/images/projects/urban-planning/tata-chemicals-babrala/7.jpg]
[imkarchitects.com/images/projects/urban-planning/tata-chemicals-babrala/8.jpg]
[imkarchitects.com/images/projects/urban-planning/tata-chemicals-babrala/9.jpg]
[imkarchitects.com/images/projects/urban-planning/tata-chemicals-babrala/10.jpg]
[imkarchitects.com/images/projects/urban-planning/tata-chemicals-babrala/11.jpg]
[imkarchitects.com/images/projects/urban-planning/tata-chemicals-babrala/12.jpg]
[imkarchitects.com/tata-chemicals-babrala.html]
[imkarchitects.com/images/projects/urban-planning/jsw-ratnagiri-zone1/1.jpg]
[imkarchitects.com/images/projects/urban-planning/jsw-ratnagiri-zone1/3.jpg]
[imkarchitects.com/images/projects/urban-planning/jsw-ratnagiri-zone1/5.jpg]
[imkarchitects.com/images/projects/urban-planning/jsw-ratnagiri-zone1/7.jpg]
[imkarchitects.com/jsw-ratnagiri-zone1.html]
[imkarchitects.com/images/projects/urban-planning/jsw-ratnagiri-zone2/1.jpg]
[imkarchitects.com/images/projects/urban-planning/jsw-ratnagiri-zone2/2.jpg]
[imkarchitects.com/images/projects/urban-planning/jsw-ratnagiri-zone2/4.jpg]
[imkarchitects.com/images/projects/urban-planning/jsw-ratnagiri-zone2/5.jpg]
[imkarchitects.com/images/projects/urban-planning/jsw-ratnagiri-zone2/6.jpg]
[imkarchitects.com/jsw-ratnagiri-zone2.html]
[imkarchitects.com/images/projects/institutional/sona-college-of-arts-and-science/1.jpg]
[imkarchitects.com/images/projects/institutional/sona-college-of-arts-and-science/2.jpg]
[imkarchitects.com/sona-college-of-arts-and-science.html]
[imkarchitects.com/images/projects/institutional/symbiosis-school-of-banking-finance-and-of-sports-science/1.jpg]
[imkarchitects.com/images/projects/institutional/symbiosis-school-of-banking-finance-and-of-sports-science/2.jpg]
[imkarchitects.com/images/projects/institutional/symbiosis-school-of-banking-finance-and-of-sports-science/3.jpg]
[imkarchitects.com/images/projects/institutional/symbiosis-school-of-banking-finance-and-of-sports-science/4.jpg]
[imkarchitects.com/images/projects/institutional/symbiosis-school-of-banking-finance-and-of-sports-science/5.jpg]
[imkarchitects.com/images/projects/institutional/symbiosis-school-of-banking-finance-and-of-sports-science/7.jpg]
[imkarchitects.com/symbiosis-school-of-banking-finance-and-of-sports-science.html]
[imkarchitects.com/images/projects/institutional/jsw-vocational-training-center/1.jpg]
[imkarchitects.com/images/projects/institutional/jsw-vocational-training-center/2.jpg]
[imkarchitects.com/images/projects/institutional/jsw-vocational-training-center/3.jpg]
[imkarchitects.com/images/projects/institutional/jsw-vocational-training-center/4.jpg]
[imkarchitects.com/images/projects/institutional/jsw-vocational-training-center/6.jpg]
[imkarchitects.com/jsw-vocational-training-center.html]
[imkarchitects.com/images/projects/school/reliance-school/1.jpg]
[imkarchitects.com/images/projects/school/reliance-school/2.jpg]
[imkarchitects.com/reliance-school.html]
[imkarchitects.com/images/projects/university-campus/symbiosis-sandipani/1.jpg]
[imkarchitects.com/images/projects/university-campus/symbiosis-sandipani/2.jpg]
[imkarchitects.com/images/projects/university-campus/symbiosis-sandipani/3.jpg]
[imkarchitects.com/images/projects/university-campus/symbiosis-sandipani/4.jpg]
[imkarchitects.com/images/projects/university-campus/symbiosis-sandipani/6.jpg]
[imkarchitects.com/images/projects/university-campus/symbiosis-sandipani/7.jpg]
[imkarchitects.com/images/projects/university-campus/symbiosis-sandipani/8.jpg]
[imkarchitects.com/images/projects/university-campus/symbiosis-sandipani/9.jpg]
[imkarchitects.com/symbiosis-sandipani.html]
[imkarchitects.com/images/projects/university-campus/symbiosis-world-school/1.jpg]
[imkarchitects.com/images/projects/university-campus/symbiosis-world-school/2.jpg]
[imkarchitects.com/images/projects/university-campus/symbiosis-world-school/3.jpg]
[imkarchitects.com/images/projects/university-campus/symbiosis-world-school/4.jpg]
[imkarchitects.com/images/projects/university-campus/symbiosis-world-school/5.jpg]
[imkarchitects.com/images/projects/university-campus/symbiosis-world-school/6.jpg]
[imkarchitects.com/images/projects/university-campus/symbiosis-world-school/7.jpg]
[imkarchitects.com/images/projects/university-campus/symbiosis-world-school/8.jpg]
[imkarchitects.com/symbiosis-world-school.html]
[imkarchitects.com/images/projects/university-campus/symbiosis-school-for-liberal-arts/1.jpg]
[imkarchitects.com/images/projects/university-campus/symbiosis-school-for-liberal-arts/2.jpg]
[imkarchitects.com/images/projects/university-campus/symbiosis-school-for-liberal-arts/3.jpg]
[imkarchitects.com/symbiosis-school-for-liberal-arts.html]
[imkarchitects.com/images/projects/institutional/kundal-student-hostel/1.jpg]
[imkarchitects.com/images/projects/institutional/kundal-student-hostel/2.jpg]
[imkarchitects.com/images/projects/institutional/kundal-student-hostel/3.jpg]
[imkarchitects.com/images/projects/institutional/kundal-student-hostel/5.jpg]
[imkarchitects.com/kundal-student-hostel.html]
[imkarchitects.com/images/projects/school/save-the-children-india/1.jpg]
[imkarchitects.com/images/projects/school/save-the-children-india/3.jpg]
[imkarchitects.com/save-the-children-india.html]
[imkarchitects.com/images/projects/university-campus/symbiosis-school-of-architecture/1.jpg]
[imkarchitects.com/images/projects/university-campus/symbiosis-school-of-architecture/2.jpg]
[imkarchitects.com/images/projects/university-campus/symbiosis-school-of-architecture/3.jpg]
[imkarchitects.com/symbiosis-school-of-architecture.html]
[imkarchitects.com/images/projects/university-campus/symbiosis-of-institute-of-applied-science/1.jpg]
[imkarchitects.com/images/projects/university-campus/symbiosis-of-institute-of-applied-science/2.jpg]
[imkarchitects.com/images/projects/university-campus/symbiosis-of-institute-of-applied-science/3.jpg]
[imkarchitects.com/symbiosis-of-institute-of-applied-science.html]
[imkarchitects.com/images/projects/university-campus/centre-of-excellence/1.jpg]
[imkarchitects.com/images/projects/university-campus/centre-of-excellence/2.jpg]
[imkarchitects.com/images/projects/university-campus/centre-of-excellence/3.jpg]
[imkarchitects.com/images/projects/university-campus/centre-of-excellence/4.jpg]
[imkarchitects.com/images/projects/university-campus/centre-of-excellence/5.jpg]
[imkarchitects.com/centre-of-excellence.html]
[imkarchitects.com/images/projects/institutional/national-judicial-academy/1.jpg]
[imkarchitects.com/images/projects/institutional/national-judicial-academy/2.jpg]
[imkarchitects.com/images/projects/institutional/national-judicial-academy/3.jpg]
[imkarchitects.com/images/projects/institutional/national-judicial-academy/5.jpg]
[imkarchitects.com/images/projects/institutional/national-judicial-academy/6.jpg]
[imkarchitects.com/national-judicial-academy.html]
[imkarchitects.com/images/projects/school/hosur-public-school/1.jpg]
[imkarchitects.com/images/projects/school/hosur-public-school/2.jpg]
[imkarchitects.com/images/projects/school/hosur-public-school/3.jpg]
[imkarchitects.com/images/projects/school/hosur-public-school/4.jpg]
[imkarchitects.com/hosur-public-school.html]
[imkarchitects.com/images/projects/school/rah-e-khair-girls-school/1.jpg]
[imkarchitects.com/images/projects/school/rah-e-khair-girls-school/2.jpg]
[imkarchitects.com/images/projects/school/rah-e-khair-girls-school/3.jpg]
[imkarchitects.com/rah-e-khair-girls-school.html]
[imkarchitects.com/images/projects/university-campus/sona-college-of-technology/1.jpg]
[imkarchitects.com/images/projects/university-campus/sona-college-of-technology/2.jpg]
[imkarchitects.com/images/projects/university-campus/sona-college-of-technology/3.jpg]
[imkarchitects.com/images/projects/university-campus/sona-college-of-technology/4.jpg]
[imkarchitects.com/images/projects/university-campus/sona-college-of-technology/6.jpg]
[imkarchitects.com/images/projects/university-campus/sona-college-of-technology/7.jpg]
[imkarchitects.com/images/projects/university-campus/sona-college-of-technology/10.jpg]
[imkarchitects.com/images/projects/university-campus/sona-college-of-technology/12.jpg]
[imkarchitects.com/images/projects/university-campus/sona-college-of-technology/13.jpg]
[imkarchitects.com/sona-college-of-technology.html]
[imkarchitects.com/images/projects/university-campus/symbiosis-international-university/1.jpg]
[imkarchitects.com/images/projects/university-campus/symbiosis-international-university/2.jpg]
[imkarchitects.com/images/projects/university-campus/symbiosis-international-university/3.jpg]
[imkarchitects.com/images/projects/university-campus/symbiosis-international-university/4.jpg]
[imkarchitects.com/images/projects/university-campus/symbiosis-international-university/6.jpg]
[imkarchitects.com/images/projects/university-campus/symbiosis-international-university/7.jpg]
[imkarchitects.com/images/projects/university-campus/symbiosis-international-university/10.jpg]
[imkarchitects.com/symbiosis-international-university.html]
[imkarchitects.com/images/projects/institutional/high-court-at-chattisgarh/1.jpg]
[imkarchitects.com/images/projects/institutional/high-court-at-chattisgarh/2.jpg]
[imkarchitects.com/high-court-at-chattisgarh.html]
[imkarchitects.com/images/projects/school/jsw-ratnagiri-school/1.jpg]
[imkarchitects.com/images/projects/school/jsw-ratnagiri-school/2.jpg]
[imkarchitects.com/images/projects/school/jsw-ratnagiri-school/3.jpg]
[imkarchitects.com/images/projects/school/jsw-ratnagiri-school/4.jpg]
[imkarchitects.com/images/projects/school/jsw-ratnagiri-school/5.jpg]
[imkarchitects.com/images/projects/school/jsw-ratnagiri-school/7.jpg]
[imkarchitects.com/jsw-ratnagiri-school.html]
[imkarchitects.com/images/projects/school/school-for-jsw-at-vidyanagar/1.jpg]
[imkarchitects.com/images/projects/school/school-for-jsw-at-vidyanagar/2.jpg]
[imkarchitects.com/images/projects/school/school-for-jsw-at-vidyanagar/3.jpg]
[imkarchitects.com/school-for-jsw-at-vidyanagar.html]
[imkarchitects.com/images/projects/university-campus/sheriff-medical-college/1.jpg]
[imkarchitects.com/images/projects/university-campus/sheriff-medical-college/2.jpg]
[imkarchitects.com/the-sheriff-medical-college-at-hassan.html]
[imkarchitects.com/images/projects/university-campus/sher-e-kashmir-university/1.jpg]
[imkarchitects.com/images/projects/university-campus/sher-e-kashmir-university/2.jpg]
[imkarchitects.com/images/projects/university-campus/sher-e-kashmir-university/3.jpg]
[imkarchitects.com/sher-e-kashmir-university-of-agricultural-sciences.html]
[imkarchitects.com/images/projects/institutional/happy-home-school-for-the-blind/1.jpg]
[imkarchitects.com/images/projects/institutional/happy-home-school-for-the-blind/2.jpg]
[imkarchitects.com/images/projects/institutional/happy-home-school-for-the-blind/3.jpg]
[imkarchitects.com/images/projects/institutional/happy-home-school-for-the-blind/4.jpg]
[imkarchitects.com/images/projects/institutional/happy-home-school-for-the-blind/5.jpg]
[imkarchitects.com/happy-home-school-for-the-blind.html]
[imkarchitects.com/images/projects/school/babrala-school/1.jpg]
[imkarchitects.com/images/projects/school/babrala-school/2.jpg]
[imkarchitects.com/images/projects/school/babrala-school/3.jpg]
[imkarchitects.com/images/projects/school/babrala-school/4.jpg]
[imkarchitects.com/images/projects/school/babrala-school/5.jpg]
[imkarchitects.com/images/projects/school/babrala-school/6.jpg]
[imkarchitects.com/babrala-school.html]
[imkarchitects.com/images/projects/residential-self-redevelopment/navjivan-chsl/1.jpg]
[imkarchitects.com/images/projects/residential-self-redevelopment/navjivan-chsl/2.jpg]
[imkarchitects.com/images/projects/residential-self-redevelopment/navjivan-chsl/3.jpg]
[imkarchitects.com/images/projects/residential-self-redevelopment/navjivan-chsl/4.jpg]
[imkarchitects.com/images/projects/residential-self-redevelopment/navjivan-chsl/5.jpg]
[imkarchitects.com/images/projects/residential-self-redevelopment/navjivan-chsl/6.jpg]
[imkarchitects.com/images/projects/residential-self-redevelopment/navjivan-chsl/7.jpg]
[imkarchitects.com/images/projects/residential-self-redevelopment/navjivan-chsl/8.jpg]
[imkarchitects.com/images/projects/residential-self-redevelopment/navjivan-chsl/9.jpg]
[imkarchitects.com/navjivan-chsl.html]
[imkarchitects.com/images/projects/residential-self-redevelopment/sachin-chsl/1.jpg]
[imkarchitects.com/images/projects/residential-self-redevelopment/sachin-chsl/2.jpg]
[imkarchitects.com/images/projects/residential-self-redevelopment/sachin-chsl/3.jpg]
[imkarchitects.com/images/projects/residential-self-redevelopment/sachin-chsl/4.jpg]
[imkarchitects.com/images/projects/residential-self-redevelopment/sachin-chsl/5.jpg]
[imkarchitects.com/sachin-chsl.html]
[imkarchitects.com/images/projects/culture-and-leisure/pondicherry-university/1.jpg]
[imkarchitects.com/images/projects/culture-and-leisure/pondicherry-university/2.jpg]
[imkarchitects.com/images/projects/culture-and-leisure/pondicherry-university/3.jpg]
[imkarchitects.com/images/projects/culture-and-leisure/pondicherry-university/4.jpg]
[imkarchitects.com/images/projects/culture-and-leisure/pondicherry-university/5.jpg]
[imkarchitects.com/images/projects/culture-and-leisure/pondicherry-university/6.jpg]
[imkarchitects.com/images/projects/culture-and-leisure/pondicherry-university/7.jpg]
[imkarchitects.com/pondicherry-university.html]
[imkarchitects.com/images/projects/culture-and-leisure/sgc-towncentre/1.jpg]
[imkarchitects.com/images/projects/culture-and-leisure/sgc-towncentre/2.jpg]
[imkarchitects.com/images/projects/culture-and-leisure/sgc-towncentre/3.jpg]
[imkarchitects.com/images/projects/culture-and-leisure/sgc-towncentre/4.jpg]
[imkarchitects.com/images/projects/culture-and-leisure/sgc-towncentre/5.jpg]
[imkarchitects.com/images/projects/culture-and-leisure/sgc-towncentre/6.jpg]
[imkarchitects.com/images/projects/culture-and-leisure/sgc-towncentre/7.jpg]
[imkarchitects.com/sgc-towncentre.html]
[imkarchitects.com/images/projects/culture-and-leisure/yashraj-studios/1.jpg]
[imkarchitects.com/images/projects/culture-and-leisure/yashraj-studios/2.jpg]
[imkarchitects.com/images/projects/culture-and-leisure/yashraj-studios/3.jpg]
[imkarchitects.com/images/projects/culture-and-leisure/yashraj-studios/4.jpg]
[imkarchitects.com/images/projects/culture-and-leisure/yashraj-studios/5.jpg]
[imkarchitects.com/images/projects/culture-and-leisure/yashraj-studios/6.jpg]
[imkarchitects.com/images/projects/culture-and-leisure/yashraj-studios/7.jpg]
[imkarchitects.com/images/projects/culture-and-leisure/yashraj-studios/8.jpg]
[imkarchitects.com/yashraj-studios.html]
[imkarchitects.com/images/projects/culture-and-leisure/shanmukhananda-hall/1.jpg]
[imkarchitects.com/images/projects/culture-and-leisure/shanmukhananda-hall/2.jpg]
[imkarchitects.com/shanmukhananda-hall.html]
[imkarchitects.com/images/projects/culture-and-leisure/nehru-centre/1.jpg]
[imkarchitects.com/images/projects/culture-and-leisure/nehru-centre/2.jpg]
[imkarchitects.com/images/projects/culture-and-leisure/nehru-centre/3.jpg]
[imkarchitects.com/images/projects/culture-and-leisure/nehru-centre/4.jpg]
[imkarchitects.com/nehru-centre.html]
[imkarchitects.com/images/projects/culture-and-leisure/haj-house/1.jpg]
[imkarchitects.com/haj-house.html]
[imkarchitects.com/images/projects/culture-and-leisure/otters-club/1.jpg]
[imkarchitects.com/images/projects/culture-and-leisure/otters-club/2.jpg]
[imkarchitects.com/images/projects/culture-and-leisure/otters-club/3.jpg]
[imkarchitects.com/images/projects/culture-and-leisure/otters-club/4.jpg]
[imkarchitects.com/otters-club.html]
[imkarchitects.com/images/projects/culture-and-leisure/indian-navy/1.jpg]
[imkarchitects.com/indian-navy.html]
[imkarchitects.com/images/projects/community-development/nepean-sea-road/1.jpg]
[imkarchitects.com/images/projects/community-development/nepean-sea-road/2.jpg]
[imkarchitects.com/images/projects/community-development/nepean-sea-road/3.jpg]
[imkarchitects.com/images/projects/community-development/nepean-sea-road/4.jpg]
[imkarchitects.com/images/projects/community-development/nepean-sea-road/5.jpg]
[imkarchitects.com/images/projects/community-development/nepean-sea-road/6.jpg]
[imkarchitects.com/images/projects/community-development/nepean-sea-road/7.jpg]
[imkarchitects.com/images/projects/community-development/nepean-sea-road/8.jpg]
[imkarchitects.com/images/projects/community-development/nepean-sea-road/9.jpg]
[imkarchitects.com/images/projects/community-development/nepean-sea-road/10.jpg]
[imkarchitects.com/images/projects/community-development/nepean-sea-road/11.jpg]
[imkarchitects.com/nepean-sea-road.html]
[imkarchitects.com/images/projects/community-development/wadala-regeneration-project/1.jpg]
[imkarchitects.com/images/projects/community-development/wadala-regeneration-project/1b.jpg]
[imkarchitects.com/images/projects/community-development/wadala-regeneration-project/2.jpg]
[imkarchitects.com/images/projects/community-development/wadala-regeneration-project/2b.jpg]
[imkarchitects.com/images/projects/community-development/wadala-regeneration-project/3.jpg]
[imkarchitects.com/images/projects/community-development/wadala-regeneration-project/3b.jpg]
[imkarchitects.com/images/projects/community-development/wadala-regeneration-project/4.jpg]
[imkarchitects.com/images/projects/community-development/wadala-regeneration-project/4b.jpg]
[imkarchitects.com/images/projects/community-development/wadala-regeneration-project/5.jpg]
[imkarchitects.com/images/projects/community-development/wadala-regeneration-project/5b.jpg]
[imkarchitects.com/wadala-regeneration-project.html]
[imkarchitects.com/images/projects/community-development/malabar-hill-forest-trails/1.jpg]
[imkarchitects.com/images/projects/community-development/malabar-hill-forest-trails/2.jpg]
[imkarchitects.com/images/projects/community-development/malabar-hill-forest-trails/3.jpg]
[imkarchitects.com/images/projects/community-development/malabar-hill-forest-trails/4.jpg]
[imkarchitects.com/malabar-hill-forest-trails.html]
[imkarchitects.com/images/publications/auric-hall.jpg]
[imkarchitects.com/images/publications/towering-glass.jpg]
[imkarchitects.com/images/publications/aluminum-screen.jpg]
[imkarchitects.com/images/publications/contemporarised.jpg]
[imkarchitects.com/images/publications/magnificent.jpg]
[imkarchitects.com/auric-hall-by-imk-architects-gives-a-modern-spin-to-traditional-mughal-architecture.html]
[imkarchitects.com/images/publications/pandemics.jpg]
[imkarchitects.com/images/publications/pandemics1.jpg]
[imkarchitects.com/design-for-tackling-pandemics.html]
[imkarchitects.com/the-indian-healthcare-system-needs-an-overhaul.html]
[imkarchitects.com/images/publications/when-modernity.jpg]
[imkarchitects.com/images/publications/when-modernity2.jpg]
[imkarchitects.com/images/publications/when-modernity3.jpg]
[imkarchitects.com/images/publications/when-modernity4.jpg]
[imkarchitects.com/images/publications/when-modernity5.jpg]
[imkarchitects.com/images/publications/when-modernity6.jpg]
[imkarchitects.com/images/publications/when-modernity7.jpg]
[imkarchitects.com/when-modernity-takes-cues-from-its-traditional-roots-auric-hall-by-imk-architects.html]
[imkarchitects.com/images/publications/biophilic.jpg]
[imkarchitects.com/images/publications/biophilic1.jpg]
[imkarchitects.com/how-biophilic-and-interactive-design-interventions-could-help-make-hospitals-pandemic-proof.html]
[imkarchitects.com/images/publications/post-pandemic.jpg]
[imkarchitects.com/images/publications/india-today-insight.jpg]
[imkarchitects.com/a-post-pandemic-design-revolution.html]
[imkarchitects.com/images/publications/symbiosis-hospital.jpg]
[imkarchitects.com/images/publications/symbiosis-hospital2.jpg]
[imkarchitects.com/images/publications/symbiosis-hospital3.jpg]
[imkarchitects.com/symbiosis-hospital-and-research-center-pune-by-imk-architects.html]
[imkarchitects.com/images/publications/cross-infection.jpg]
[imkarchitects.com/covid-19-cross-infection-can-be-tackled-through-hospital-design-changes-say-architects.html]
[imkarchitects.com/images/idealog/blueprint.jpg]
[imkarchitects.com/images/idealog/central-park.jpg]
[imkarchitects.com/images/idealog/park-am-gleisdreieck.jpg]
[imkarchitects.com/images/idealog/the-high-line.jpg]
[imkarchitects.com/participatory-democracy-a-blueprint-for-inclusive-city-making.html]
[imkarchitects.com/images/idealog/the-future-of-education-design-banner.jpg]
[imkarchitects.com/images/idealog/learning-can-happen-everywhere.jpg]
[imkarchitects.com/images/idealog/flexible-learning-environments.jpg]
[imkarchitects.com/images/idealog/designing-for-social-interaction.jpg]
[imkarchitects.com/the-future-of-education-design-lies-in-creating-flexible-learning-environments.html]
[imkarchitects.com/images/idealog/planning-for-self-sufficiency.jpg]
[imkarchitects.com/images/idealog/living-in-a-forest.jpg]
[imkarchitects.com/images/idealog/the-jsw-ratnagiri-township.jpg]
[imkarchitects.com/images/idealog/the-housing-clusters.jpg]
[imkarchitects.com/images/idealog/eyes-on-the-street.jpg]
[imkarchitects.com/images/idealog/jsw-vidyanagar.jpg]
[imkarchitects.com/images/idealog/jsw-hillside.jpg]
[imkarchitects.com/creating-places-where-people-thrive-imk-architects-approach-to-urban-design-and-master-planning.html]
[imkarchitects.com/images/idealog/indian-cities.jpg]
[imkarchitects.com/images/idealog/the-15-minute-city.jpg]
[imkarchitects.com/images/idealog/pedestrianization.jpg]
[imkarchitects.com/three-simple-solutions-to-all-our-transportation-and-congestion.html]
[imkarchitects.com/images/idealog/anuprita.jpg]
[imkarchitects.com/the-year-gone-by-design-director-anuprita-dixit-on-learning-from-the-pandemic.html]
[imkarchitects.com/images/idealog/slum-1.jpg]
[imkarchitects.com/images/idealog/slum-2.jpg]
[imkarchitects.com/images/idealog/slum-3.jpg]
[imkarchitects.com/formalising-the-informal-the-potential-of-self-development-of-slum-communities.html]
[imkarchitects.com/images/idealog/coastal-road-banner.jpg]
[imkarchitects.com/images/idealog/coastal-road-1.jpg]
[imkarchitects.com/images/idealog/coastal-road-2.jpg]
[imkarchitects.com/coastal-road-projects-dont-just-damage-the-environment-they-are-also-out-dated.html]
[imkarchitects.com/images/idealog/housing-societies-banner.jpg]
[imkarchitects.com/images/idealog/housing-societies-1.jpg]
[imkarchitects.com/images/idealog/housing-societies-2.jpg]
[imkarchitects.com/what-is-maharashtras-self-redevelopment-scheme-for-housing-societies-and-why-it-needs-a-financial-lifeline.html]
[imkarchitects.com/images/idealog/good-university-campus.jpg]
[imkarchitects.com/images/idealog/good-university-campus1.jpg]
[imkarchitects.com/images/idealog/good-university-campus2.jpg]
[imkarchitects.com/a-good-university-campus-can-create-a-lasting-impact.html]
[imkarchitects.com/images/idealog/design-strategies-for-improved.jpg]
[imkarchitects.com/images/idealog/graphic1.jpg]
[imkarchitects.com/images/idealog/graphic2.jpg]
[imkarchitects.com/images/idealog/graphic3.jpg]
[imkarchitects.com/images/idealog/graphic4.jpg]
[imkarchitects.com/images/idealog/graphic5.jpg]
[imkarchitects.com/images/idealog/design-strategies-for-improved1.jpg]
[imkarchitects.com/images/idealog/design-strategies-for-improved2.jpg]
[imkarchitects.com/design-strategies-for-improved-next-generation-hospitals.html]
[imkarchitects.com/images/idealog/upgrading-the-indian-healthcare-infrastructure.jpg]
[imkarchitects.com/images/idealog/upgrading1.jpg]
[imkarchitects.com/images/idealog/upgrading2.jpg]
[imkarchitects.com/upgrading-the-indian-healthcare-infrastructure.html]
[imkarchitects.com/images/idealog/we-design-cities.jpg]
[imkarchitects.com/images/idealog/planning1.jpg]
[imkarchitects.com/images/idealog/planning2.jpg]
[imkarchitects.com/the-pandemic-calls-for-critical-changes-in-how-we-design-cities.html]
[imkarchitects.com/images/idealog/indias-sinking-city.jpg]
[imkarchitects.com/images/idealog/sinking-city1.jpg]
[imkarchitects.com/images/idealog/sinking-city2.jpg]
[imkarchitects.com/is-mumbai-indias-sinking-city.html]
[imkarchitects.com/images/idealog/suhrc-entrance.jpg]
[imkarchitects.com/images/idealog/suhrc-entrance1.jpg]
[imkarchitects.com/images/idealog/suhrc-entrance2.jpg]
[imkarchitects.com/next-generation-hospitals-the-need-of-the-hour.html]
[imkarchitects.com/video-slider/bootstrap.min.css]
[imkarchitects.com/css/homepg-media-queries.css]
[imkarchitects.com/css/fonts/avenirltstd-medium.html]
[imkarchitects.com/css/fonts/avenirltstd-medium.svg]
[imkarchitects.com/css/fonts/avenirltstd-book.html]
[imkarchitects.com/css/fonts/avenirltstd-book.svg]
